Archive member included to satisfy reference by file (symbol)

/usr/lib/gcc/arm-none-eabi/9.2.1/../../../arm-none-eabi/lib/thumb/v6-m/nofp/libc_nano.a(lib_a-atexit.o)
                              /usr/lib/gcc/arm-none-eabi/9.2.1/../../../arm-none-eabi/lib/thumb/v6-m/nofp/crt0.o (atexit)
/usr/lib/gcc/arm-none-eabi/9.2.1/../../../arm-none-eabi/lib/thumb/v6-m/nofp/libc_nano.a(lib_a-exit.o)
                              /usr/lib/gcc/arm-none-eabi/9.2.1/../../../arm-none-eabi/lib/thumb/v6-m/nofp/crt0.o (exit)
/usr/lib/gcc/arm-none-eabi/9.2.1/../../../arm-none-eabi/lib/thumb/v6-m/nofp/libc_nano.a(lib_a-fini.o)
                              /usr/lib/gcc/arm-none-eabi/9.2.1/../../../arm-none-eabi/lib/thumb/v6-m/nofp/crt0.o (__libc_fini_array)
/usr/lib/gcc/arm-none-eabi/9.2.1/../../../arm-none-eabi/lib/thumb/v6-m/nofp/libc_nano.a(lib_a-impure.o)
                              /usr/lib/gcc/arm-none-eabi/9.2.1/../../../arm-none-eabi/lib/thumb/v6-m/nofp/libc_nano.a(lib_a-exit.o) (_global_impure_ptr)
/usr/lib/gcc/arm-none-eabi/9.2.1/../../../arm-none-eabi/lib/thumb/v6-m/nofp/libc_nano.a(lib_a-init.o)
                              /usr/lib/gcc/arm-none-eabi/9.2.1/../../../arm-none-eabi/lib/thumb/v6-m/nofp/crt0.o (__libc_init_array)
/usr/lib/gcc/arm-none-eabi/9.2.1/../../../arm-none-eabi/lib/thumb/v6-m/nofp/libc_nano.a(lib_a-memcpy-stub.o)
                              build/usbpd_pwr_if.o (memcpy)
/usr/lib/gcc/arm-none-eabi/9.2.1/../../../arm-none-eabi/lib/thumb/v6-m/nofp/libc_nano.a(lib_a-memset.o)
                              /usr/lib/gcc/arm-none-eabi/9.2.1/../../../arm-none-eabi/lib/thumb/v6-m/nofp/crt0.o (memset)
/usr/lib/gcc/arm-none-eabi/9.2.1/../../../arm-none-eabi/lib/thumb/v6-m/nofp/libc_nano.a(lib_a-snprintf.o)
                              build/usbpd_dpm_user.o (snprintf)
/usr/lib/gcc/arm-none-eabi/9.2.1/../../../arm-none-eabi/lib/thumb/v6-m/nofp/libc_nano.a(lib_a-strcpy.o)
                              build/usbpd_dpm_user.o (strcpy)
/usr/lib/gcc/arm-none-eabi/9.2.1/../../../arm-none-eabi/lib/thumb/v6-m/nofp/libc_nano.a(lib_a-strlen-stub.o)
                              build/usbpd_dpm_user.o (strlen)
/usr/lib/gcc/arm-none-eabi/9.2.1/../../../arm-none-eabi/lib/thumb/v6-m/nofp/libc_nano.a(lib_a-__atexit.o)
                              /usr/lib/gcc/arm-none-eabi/9.2.1/../../../arm-none-eabi/lib/thumb/v6-m/nofp/libc_nano.a(lib_a-atexit.o) (__register_exitproc)
/usr/lib/gcc/arm-none-eabi/9.2.1/../../../arm-none-eabi/lib/thumb/v6-m/nofp/libc_nano.a(lib_a-__call_atexit.o)
                              /usr/lib/gcc/arm-none-eabi/9.2.1/../../../arm-none-eabi/lib/thumb/v6-m/nofp/libc_nano.a(lib_a-__atexit.o) (__call_exitprocs)
/usr/lib/gcc/arm-none-eabi/9.2.1/../../../arm-none-eabi/lib/thumb/v6-m/nofp/libc_nano.a(lib_a-nano-svfprintf.o)
                              /usr/lib/gcc/arm-none-eabi/9.2.1/../../../arm-none-eabi/lib/thumb/v6-m/nofp/libc_nano.a(lib_a-snprintf.o) (_svfprintf_r)
/usr/lib/gcc/arm-none-eabi/9.2.1/../../../arm-none-eabi/lib/thumb/v6-m/nofp/libc_nano.a(lib_a-nano-vfprintf_i.o)
                              /usr/lib/gcc/arm-none-eabi/9.2.1/../../../arm-none-eabi/lib/thumb/v6-m/nofp/libc_nano.a(lib_a-nano-svfprintf.o) (_printf_i)
/usr/lib/gcc/arm-none-eabi/9.2.1/../../../arm-none-eabi/lib/thumb/v6-m/nofp/libc_nano.a(lib_a-memchr-stub.o)
                              /usr/lib/gcc/arm-none-eabi/9.2.1/../../../arm-none-eabi/lib/thumb/v6-m/nofp/libc_nano.a(lib_a-nano-svfprintf.o) (memchr)
/usr/lib/gcc/arm-none-eabi/9.2.1/../../../arm-none-eabi/lib/thumb/v6-m/nofp/libc_nano.a(lib_a-memmove.o)
                              /usr/lib/gcc/arm-none-eabi/9.2.1/../../../arm-none-eabi/lib/thumb/v6-m/nofp/libc_nano.a(lib_a-nano-svfprintf.o) (memmove)
/usr/lib/gcc/arm-none-eabi/9.2.1/../../../arm-none-eabi/lib/thumb/v6-m/nofp/libc_nano.a(lib_a-nano-freer.o)
                              /usr/lib/gcc/arm-none-eabi/9.2.1/../../../arm-none-eabi/lib/thumb/v6-m/nofp/libc_nano.a(lib_a-nano-svfprintf.o) (_free_r)
/usr/lib/gcc/arm-none-eabi/9.2.1/../../../arm-none-eabi/lib/thumb/v6-m/nofp/libc_nano.a(lib_a-nano-mallocr.o)
                              /usr/lib/gcc/arm-none-eabi/9.2.1/../../../arm-none-eabi/lib/thumb/v6-m/nofp/libc_nano.a(lib_a-nano-svfprintf.o) (_malloc_r)
/usr/lib/gcc/arm-none-eabi/9.2.1/../../../arm-none-eabi/lib/thumb/v6-m/nofp/libc_nano.a(lib_a-nano-reallocr.o)
                              /usr/lib/gcc/arm-none-eabi/9.2.1/../../../arm-none-eabi/lib/thumb/v6-m/nofp/libc_nano.a(lib_a-nano-svfprintf.o) (_realloc_r)
/usr/lib/gcc/arm-none-eabi/9.2.1/../../../arm-none-eabi/lib/thumb/v6-m/nofp/libc_nano.a(lib_a-sbrkr.o)
                              /usr/lib/gcc/arm-none-eabi/9.2.1/../../../arm-none-eabi/lib/thumb/v6-m/nofp/libc_nano.a(lib_a-nano-mallocr.o) (_sbrk_r)
/usr/lib/gcc/arm-none-eabi/9.2.1/../../../arm-none-eabi/lib/thumb/v6-m/nofp/libc_nano.a(lib_a-mlock.o)
[...]
Memory Configuration

Name             Origin             Length             Attributes
RAM              0x0000000020000000 0x0000000000009000 xrw
FLASH            0x0000000008000000 0x0000000000010000 xr
*default*        0x0000000000000000 0xffffffffffffffff

Linker script and memory map

LOAD /usr/lib/gcc/arm-none-eabi/9.2.1/thumb/v6-m/nofp/crti.o
LOAD /usr/lib/gcc/arm-none-eabi/9.2.1/thumb/v6-m/nofp/crtbegin.o
LOAD /usr/lib/gcc/arm-none-eabi/9.2.1/../../../arm-none-eabi/lib/thumb/v6-m/nofp/crt0.o
LOAD build/main.o
LOAD build/stm32g0xx_it.o
LOAD build/stm32g0xx_hal_msp.o
LOAD build/stm32g0xx_hal_gpio.o
LOAD build/stm32g0xx_hal_adc.o
LOAD build/stm32g0xx_hal_adc_ex.o
LOAD build/stm32g0xx_ll_adc.o
LOAD build/stm32g0xx_hal_rcc.o
LOAD build/stm32g0xx_hal_rcc_ex.o
LOAD build/stm32g0xx_ll_rcc.o
LOAD build/stm32g0xx_hal_flash.o
LOAD build/stm32g0xx_hal_flash_ex.o
LOAD build/stm32g0xx_hal_dma.o
LOAD build/stm32g0xx_hal_dma_ex.o
LOAD build/stm32g0xx_hal_pwr.o
LOAD build/stm32g0xx_hal_pwr_ex.o
LOAD build/stm32g0xx_hal_cortex.o
LOAD build/stm32g0xx_hal.o
LOAD build/stm32g0xx_hal_exti.o
LOAD build/stm32g0xx_ll_utils.o
LOAD build/stm32g0xx_ll_exti.o
LOAD build/stm32g0xx_hal_tim.o
LOAD build/stm32g0xx_hal_tim_ex.o
LOAD build/stm32g0xx_ll_ucpd.o
LOAD build/stm32g0xx_ll_gpio.o
LOAD build/stm32g0xx_ll_dma.o
LOAD build/system_stm32g0xx.o
LOAD build/app_freertos.o
LOAD build/usbpd.o
LOAD build/usbpd_dpm_user.o
LOAD build/usbpd_pwr_user.o
LOAD build/usbpd_pwr_if.o
LOAD build/usbpd_vdm_user.o
LOAD build/usbpd_dpm_core.o
LOAD build/stm32g0xx_ll_tim.o
LOAD build/croutine.o
LOAD build/event_groups.o
LOAD build/list.o
LOAD build/queue.o
LOAD build/stream_buffer.o
LOAD build/tasks.o
LOAD build/timers.o
LOAD build/cmsis_os.o
LOAD build/heap_4.o
LOAD build/port.o
LOAD build/usbpd_trace.o
LOAD build/usbpd_cad_hw_if.o
LOAD build/usbpd_hw.o
LOAD build/usbpd_hw_if_it.o
LOAD build/usbpd_phy.o
LOAD build/usbpd_phy_hw_if.o
LOAD build/usbpd_pwr_hw_if.o
LOAD build/usbpd_timersserver.o
LOAD build/stm32g0xx_hal_uart.o
LOAD build/stm32g0xx_hal_uart_ex.o
LOAD build/stm32g0xx_ll_usart.o
LOAD build/stm32g0xx_ll_lpuart.o
LOAD build/data_struct_tlv.o
LOAD build/bsp_gui.o
LOAD build/gui_api.o
LOAD build/tracer_emb.o
LOAD build/tracer_emb_hw.o
LOAD build/startup_stm32g071xx.o
LOAD /usr/lib/gcc/arm-none-eabi/9.2.1/../../../arm-none-eabi/lib/thumb/v6-m/nofp/libc_nano.a
LOAD /usr/lib/gcc/arm-none-eabi/9.2.1/../../../arm-none-eabi/lib/thumb/v6-m/nofp/libm.a
LOAD /usr/lib/gcc/arm-none-eabi/9.2.1/../../../arm-none-eabi/lib/thumb/v6-m/nofp/libnosys.a
LOAD Middlewares/ST/STM32_USBPD_Library/Core/lib/USBPDCORE_PD3_FULL_CM0PLUS_wc32.a
START GROUP
LOAD /usr/lib/gcc/arm-none-eabi/9.2.1/thumb/v6-m/nofp/libgcc.a
LOAD /usr/lib/gcc/arm-none-eabi/9.2.1/../../../arm-none-eabi/lib/thumb/v6-m/nofp/libc_nano.a
END GROUP
START GROUP
LOAD /usr/lib/gcc/arm-none-eabi/9.2.1/thumb/v6-m/nofp/libgcc.a
LOAD /usr/lib/gcc/arm-none-eabi/9.2.1/../../../arm-none-eabi/lib/thumb/v6-m/nofp/libc_nano.a
END GROUP
LOAD /usr/lib/gcc/arm-none-eabi/9.2.1/thumb/v6-m/nofp/crtend.o
LOAD /usr/lib/gcc/arm-none-eabi/9.2.1/thumb/v6-m/nofp/crtn.o
                0x0000000020009000                _estack = 0x20009000
                0x0000000000000200                _Min_Heap_Size = 0x200
                0x0000000000000400                _Min_Stack_Size = 0x400

.isr_vector     0x0000000008000000       0xbc
                0x0000000008000000                . = ALIGN (0x4)
 *(.isr_vector)
 .isr_vector    0x0000000008000000       0xbc build/startup_stm32g071xx.o
                0x0000000008000000                g_pfnVectors
                0x00000000080000bc                . = ALIGN (0x4)

.text           0x00000000080000c0     0xf854
                0x00000000080000c0                . = ALIGN (0x4)
 *(.text)
 .text          0x00000000080000c0       0x98 /usr/lib/gcc/arm-none-eabi/9.2.1/thumb/v6-m/nofp/crtbegin.o
 .text          0x0000000008000158       0x44 /usr/lib/gcc/arm-none-eabi/9.2.1/../../../arm-none-eabi/lib/thumb/v6-m/nofp/libc_nano.a(lib_a-init.o)
                0x0000000008000158                __libc_init_array
 .text          0x000000000800019c       0xa8 /usr/lib/gcc/arm-none-eabi/9.2.1/../../../arm-none-eabi/lib/thumb/v6-m/nofp/libc_nano.a(lib_a-memcpy-stub.o)
                0x000000000800019c                memcpy
 .text          0x0000000008000244       0xa8 /usr/lib/gcc/arm-none-eabi/9.2.1/../../../arm-none-eabi/lib/thumb/v6-m/nofp/libc_nano.a(lib_a-memset.o)
                0x0000000008000244                memset
 .text          0x00000000080002ec       0xfc /usr/lib/gcc/arm-none-eabi/9.2.1/../../../arm-none-eabi/lib/thumb/v6-m/nofp/libc_nano.a(lib_a-snprintf.o)
                0x00000000080002ec                _sniprintf_r
                0x00000000080002ec                _snprintf_r
                0x0000000008000368                snprintf
                0x0000000008000368                sniprintf
 .text          0x00000000080003e8       0x10 /usr/lib/gcc/arm-none-eabi/9.2.1/../../../arm-none-eabi/lib/thumb/v6-m/nofp/libc_nano.a(lib_a-strcpy.o)
                0x00000000080003e8                strcpy
 .text          0x00000000080003f8       0x68 /usr/lib/gcc/arm-none-eabi/9.2.1/../../../arm-none-eabi/lib/thumb/v6-m/nofp/libc_nano.a(lib_a-strlen-stub.o)
                0x00000000080003f8                strlen
 .text          0x0000000008000460      0x480 /usr/lib/gcc/arm-none-eabi/9.2.1/../../../arm-none-eabi/lib/thumb/v6-m/nofp/libc_nano.a(lib_a-nano-svfprintf.o)
                0x0000000008000460                __ssputs_r
                0x0000000008000530                __ssprint_r
                0x0000000008000644                _svfprintf_r
                0x0000000008000644                _svfiprintf_r
 .text          0x00000000080008e0      0x3d8 /usr/lib/gcc/arm-none-eabi/9.2.1/../../../arm-none-eabi/lib/thumb/v6-m/nofp/libc_nano.a(lib_a-nano-vfprintf_i.o)
                0x00000000080008e0                _printf_common
                0x0000000008000a10                _printf_i
 .text          0x0000000008000cb8       0x80 /usr/lib/gcc/arm-none-eabi/9.2.1/../../../arm-none-eabi/lib/thumb/v6-m/nofp/libc_nano.a(lib_a-memchr-stub.o)
                0x0000000008000cb8                memchr
 .text          0x0000000008000d38       0xbc /usr/lib/gcc/arm-none-eabi/9.2.1/../../../arm-none-eabi/lib/thumb/v6-m/nofp/libc_nano.a(lib_a-memmove.o)
                0x0000000008000d38                memmove
 .text          0x0000000008000df4       0xac /usr/lib/gcc/arm-none-eabi/9.2.1/../../../arm-none-eabi/lib/thumb/v6-m/nofp/libc_nano.a(lib_a-nano-freer.o)
                0x0000000008000df4                _free_r
 .text          0x0000000008000ea0       0xcc /usr/lib/gcc/arm-none-eabi/9.2.1/../../../arm-none-eabi/lib/thumb/v6-m/nofp/libc_nano.a(lib_a-nano-mallocr.o)
                0x0000000008000ea0                _malloc_r
 .text          0x0000000008000f6c       0x50 /usr/lib/gcc/arm-none-eabi/9.2.1/../../../arm-none-eabi/lib/thumb/v6-m/nofp/libc_nano.a(lib_a-nano-reallocr.o)
                0x0000000008000f6c                _realloc_r
 .text          0x0000000008000fbc       0x24 /usr/lib/gcc/arm-none-eabi/9.2.1/../../../arm-none-eabi/lib/thumb/v6-m/nofp/libc_nano.a(lib_a-sbrkr.o)
                0x0000000008000fbc                _sbrk_r
 .text          0x0000000008000fe0        0x8 /usr/lib/gcc/arm-none-eabi/9.2.1/../../../arm-none-eabi/lib/thumb/v6-m/nofp/libc_nano.a(lib_a-mlock.o)
                0x0000000008000fe0                __malloc_lock
                0x0000000008000fe4                __malloc_unlock
 .text          0x0000000008000fe8       0x14 /usr/lib/gcc/arm-none-eabi/9.2.1/../../../arm-none-eabi/lib/thumb/v6-m/nofp/libc_nano.a(lib_a-nano-msizer.o)
                0x0000000008000fe8                _malloc_usable_size_r
 .text          0x0000000008000ffc       0x1c /usr/lib/gcc/arm-none-eabi/9.2.1/../../../arm-none-eabi/lib/thumb/v6-m/nofp/libnosys.a(sbrk.o)
                0x0000000008000ffc                _sbrk
 .text          0x0000000008001018      0x15e Middlewares/ST/STM32_USBPD_Library/Core/lib/USBPDCORE_PD3_FULL_CM0PLUS_wc32.a(usbpd_cad.o)
                0x0000000008001018                USBPD_CAD_Init
                0x000000000800108c                USBPD_CAD_PortEnable
                0x000000000800109c                USBPD_CAD_Process
                0x000000000800113c                USBPD_CAD_AssertRd
                0x000000000800114c                USBPD_CAD_AssertRp
                0x000000000800115c                USBPD_CAD_EnterErrorRecovery
                0x0000000008001164                USBPD_CAD_SetRpResistor
                0x0000000008001172                USBPD_CAD_GetMemoryConsumption
 *fill*         0x0000000008001176        0x2 
 .text          0x0000000008001178     0x656c Middlewares/ST/STM32_USBPD_Library/Core/lib/USBPDCORE_PD3_FULL_CM0PLUS_wc32.a(usbpd_pe.o)
                0x0000000008001178                USBPD_PE_Init
                0x0000000008001230                USBPD_PE_SetTrace
                0x0000000008001238                USBPD_PE_CheckLIB
                0x0000000008001246                USBPD_PE_GetMemoryConsumption
                0x000000000800125c                USBPD_PE_TimerCounter
                0x00000000080012c2                USBPD_PE_IsCableConnected
                0x0000000008001314                USBPD_PE_StateMachine_SRC
                0x000000000800279c                USBPD_PE_StateMachine_SNK
                0x0000000008003bc8                USBPD_PE_StateMachine_DRP
                0x0000000008003be8                USBPD_PE_InitVDM_Callback
                0x0000000008003c00                USBPD_PE_SVDM_RequestIdentity
                0x0000000008003c88                USBPD_PE_SVDM_RequestSVID
                0x0000000008003cec                USBPD_PE_SVDM_RequestMode
                0x0000000008003d54                USBPD_PE_SVDM_RequestModeEnter
                0x0000000008003dd6                USBPD_PE_SVDM_RequestModeExit
                0x0000000008003e5c                USBPD_PE_SVDM_RequestAttention
                0x0000000008003eb8                USBPD_PE_SVDM_RequestSpecific
                0x0000000008003f20                USBPD_PE_UVDM_RequestMessage
                0x0000000008003f6e                USBPD_PE_Request_HardReset
                0x0000000008003f94                USBPD_PE_Request_CtrlMessage
                0x00000000080041b8                USBPD_PE_Request_DataMessage
                0x000000000800426c                USBPD_PE_Send_Request
                0x00000000080042c4                USBPD_PE_SendExtendedMessage
                0x00000000080058c6                PE_Get_DataRole
                0x00000000080058d8                PE_Get_SpecRevision
                0x0000000008006246                PE_PRL_HardResetReceived
                0x0000000008006298                PE_PRL_BistCompleted
                0x000000000800629a                PE_Reset
                0x0000000008006434                PE_ResetDuringSwap
                0x00000000080076dc                USBPD_PE_ExecFastRoleSwapSignalling
 .text          0x00000000080076e4      0xbc0 Middlewares/ST/STM32_USBPD_Library/Core/lib/USBPDCORE_PD3_FULL_CM0PLUS_wc32.a(usbpd_prl.o)
                0x00000000080076e4                USBPD_PRL_TimerCounter
                0x0000000008007708                USBPD_PRL_Init
                0x00000000080077a8                USBPD_PRL_GetMemoryConsumption
                0x00000000080077ac                USBPD_PRL_SetHeader
                0x00000000080077e6                USBPD_PRL_SetHeaderPowerRole
                0x00000000080077fc                USBPD_PRL_SetHeaderDataRole
                0x0000000008007816                USBPD_PRL_SetHeaderSpecification
                0x0000000008007830                USBPD_PRL_SRCSetSinkNG
                0x0000000008007838                USBPD_PRL_SRCReleaseSinkNG
                0x000000000800784e                USBPD_PRL_IsResistor_SinkTxOK
                0x0000000008007856                USBPD_PRL_FastRoleSwapSignalling
                0x000000000800785e                USBPD_PRL_CableCapable
                0x0000000008007888                USBPD_PRL_SendMessage
                0x0000000008007b1c                USBPD_PRL_ResetRequestReset
                0x0000000008007b30                USBPD_PRL_ResetRequestProcess
                0x0000000008007bdc                USBDPD_PRL_BistCarrierEyeMode
                0x0000000008007bec                USBDPD_PRL_BistCarrierEyeModeExit
                0x0000000008007bfe                USBPD_PRL_Reset
                0x0000000008007c4a                USBPD_PRL_DeInit
                0x0000000008007c4c                USBPD_PRL_EnableRX
                0x0000000008007c68                USBPD_PRL_DisableRX
                0x000000000800815c                USBPD_PRL_PowerSinkReset
                0x00000000080081d8                USBPD_PRL_PrepareExtendedTxChunkSending
                0x000000000800822a                USBPD_PRL_PrepareChunkRequest
 .text          0x00000000080082a4       0x14 /usr/lib/gcc/arm-none-eabi/9.2.1/thumb/v6-m/nofp/libgcc.a(_thumb1_case_uqi.o)
                0x00000000080082a4                __gnu_thumb1_case_uqi
 .text          0x00000000080082b8       0x14 /usr/lib/gcc/arm-none-eabi/9.2.1/thumb/v6-m/nofp/libgcc.a(_thumb1_case_shi.o)
                0x00000000080082b8                __gnu_thumb1_case_shi
 .text          0x00000000080082cc       0x14 /usr/lib/gcc/arm-none-eabi/9.2.1/thumb/v6-m/nofp/libgcc.a(_thumb1_case_uhi.o)
                0x00000000080082cc                __gnu_thumb1_case_uhi
 .text          0x00000000080082e0      0x114 /usr/lib/gcc/arm-none-eabi/9.2.1/thumb/v6-m/nofp/libgcc.a(_udivsi3.o)
                0x00000000080082e0                __udivsi3
                0x00000000080082e0                __aeabi_uidiv
                0x00000000080083ec                __aeabi_uidivmod
 .text          0x00000000080083f4      0x1d4 /usr/lib/gcc/arm-none-eabi/9.2.1/thumb/v6-m/nofp/libgcc.a(_divsi3.o)
                0x00000000080083f4                __aeabi_idiv
                0x00000000080083f4                __divsi3
                0x00000000080085c0                __aeabi_idivmod
 .text          0x00000000080085c8        0x4 /usr/lib/gcc/arm-none-eabi/9.2.1/thumb/v6-m/nofp/libgcc.a(_dvmd_tls.o)
                0x00000000080085c8                __aeabi_ldiv0
                0x00000000080085c8                __aeabi_idiv0
 .text          0x00000000080085cc       0x40 /usr/lib/gcc/arm-none-eabi/9.2.1/thumb/v6-m/nofp/libgcc.a(_aeabi_uldivmod.o)
                0x00000000080085cc                __aeabi_uldivmod
 .text          0x000000000800860c      0x198 /usr/lib/gcc/arm-none-eabi/9.2.1/thumb/v6-m/nofp/libgcc.a(_udivmoddi4.o)
                0x000000000800860c                __udivmoddi4
 .text          0x00000000080087a4       0x18 /usr/lib/gcc/arm-none-eabi/9.2.1/thumb/v6-m/nofp/libgcc.a(_clzdi2.o)
                0x00000000080087a4                __clzdi2
 .text          0x00000000080087bc       0x3c /usr/lib/gcc/arm-none-eabi/9.2.1/thumb/v6-m/nofp/libgcc.a(_clzsi2.o)
                0x00000000080087bc                __clzsi2
 .text          0x00000000080087f8        0xc /usr/lib/gcc/arm-none-eabi/9.2.1/../../../arm-none-eabi/lib/thumb/v6-m/nofp/libc_nano.a(lib_a-aeabi_memclr.o)
                0x00000000080087f8                __aeabi_memclr8
                0x00000000080087f8                __aeabi_memclr
                0x00000000080087f8                __aeabi_memclr4
 .text          0x0000000008008804        0x8 /usr/lib/gcc/arm-none-eabi/9.2.1/../../../arm-none-eabi/lib/thumb/v6-m/nofp/libc_nano.a(lib_a-aeabi_memcpy.o)
                0x0000000008008804                __aeabi_memcpy
                0x0000000008008804                __aeabi_memcpy4
                0x0000000008008804                __aeabi_memcpy8
 .text          0x000000000800880c       0x10 /usr/lib/gcc/arm-none-eabi/9.2.1/../../../arm-none-eabi/lib/thumb/v6-m/nofp/libc_nano.a(lib_a-aeabi_memset.o)
                0x000000000800880c                __aeabi_memset
                0x000000000800880c                __aeabi_memset8
                0x000000000800880c                __aeabi_memset4
 .text          0x000000000800881c       0x28 /usr/lib/gcc/arm-none-eabi/9.2.1/../../../arm-none-eabi/lib/thumb/v6-m/nofp/libc_nano.a(lib_a-malloc.o)
                0x000000000800881c                malloc
                0x0000000008008830                free
 *(.text*)
 .text.StartDefaultTask
                0x0000000008008844        0xa build/main.o
                0x0000000008008844                StartDefaultTask
 *fill*         0x000000000800884e        0x2 
 .text.SystemClock_Config
                0x0000000008008850       0x8c build/main.o
                0x0000000008008850                SystemClock_Config
 .text.startup.main
                0x00000000080088dc      0x290 build/main.o
                0x00000000080088dc                main
 .text.Error_Handler
                0x0000000008008b6c        0x2 build/main.o
                0x0000000008008b6c                Error_Handler
 .text.NMI_Handler
                0x0000000008008b6e        0x2 build/stm32g0xx_it.o
                0x0000000008008b6e                NMI_Handler
 .text.HardFault_Handler
                0x0000000008008b70        0x2 build/stm32g0xx_it.o
                0x0000000008008b70                HardFault_Handler
 .text.SysTick_Handler
                0x0000000008008b72        0xc build/stm32g0xx_it.o
                0x0000000008008b72                SysTick_Handler
 .text.UCPD1_2_IRQHandler
                0x0000000008008b7e        0x8 build/stm32g0xx_it.o
                0x0000000008008b7e                UCPD1_2_IRQHandler
 *fill*         0x0000000008008b86        0x2 
 .text.DMA1_Channel1_IRQHandler
                0x0000000008008b88       0x10 build/stm32g0xx_it.o
                0x0000000008008b88                DMA1_Channel1_IRQHandler
 .text.DMA1_Channel2_3_IRQHandler
                0x0000000008008b98        0x8 build/stm32g0xx_it.o
                0x0000000008008b98                DMA1_Channel2_3_IRQHandler
 .text.DMA1_Ch4_7_DMAMUX1_OVR_IRQHandler
                0x0000000008008ba0       0x10 build/stm32g0xx_it.o
                0x0000000008008ba0                DMA1_Ch4_7_DMAMUX1_OVR_IRQHandler
 .text.USART3_4_LPUART1_IRQHandler
                0x0000000008008bb0       0x14 build/stm32g0xx_it.o
                0x0000000008008bb0                USART3_4_LPUART1_IRQHandler
 .text.HAL_MspInit
                0x0000000008008bc4       0x48 build/stm32g0xx_hal_msp.o
                0x0000000008008bc4                HAL_MspInit
 .text.HAL_ADC_MspInit
                0x0000000008008c0c       0x9c build/stm32g0xx_hal_msp.o
                0x0000000008008c0c                HAL_ADC_MspInit
 .text.HAL_UART_MspInit
                0x0000000008008ca8       0xac build/stm32g0xx_hal_msp.o
                0x0000000008008ca8                HAL_UART_MspInit
 .text.HAL_GPIO_Init
                0x0000000008008d54      0x158 build/stm32g0xx_hal_gpio.o
                0x0000000008008d54                HAL_GPIO_Init
 .text.HAL_GPIO_WritePin
                0x0000000008008eac        0xc build/stm32g0xx_hal_gpio.o
                0x0000000008008eac                HAL_GPIO_WritePin
 .text.LL_ADC_REG_IsConversionOngoing
                0x0000000008008eb8        0x8 build/stm32g0xx_hal_adc.o
 .text.HAL_ADC_Init
                0x0000000008008ec0      0x258 build/stm32g0xx_hal_adc.o
                0x0000000008008ec0                HAL_ADC_Init
 .text.HAL_ADC_ConfigChannel
                0x0000000008009118      0x244 build/stm32g0xx_hal_adc.o
                0x0000000008009118                HAL_ADC_ConfigChannel
 .text.ADC_Enable
                0x000000000800935c       0x7c build/stm32g0xx_hal_adc.o
                0x000000000800935c                ADC_Enable
 .text.HAL_ADC_Start
                0x00000000080093d8       0x5c build/stm32g0xx_hal_adc.o
                0x00000000080093d8                HAL_ADC_Start
 .text.ADC_Disable
                0x0000000008009434       0x70 build/stm32g0xx_hal_adc.o
                0x0000000008009434                ADC_Disable
 .text.HAL_ADCEx_Calibration_Start
                0x00000000080094a4       0x9c build/stm32g0xx_hal_adc_ex.o
                0x00000000080094a4                HAL_ADCEx_Calibration_Start
 .text.HAL_RCC_OscConfig
                0x0000000008009540      0x44c build/stm32g0xx_hal_rcc.o
                0x0000000008009540                HAL_RCC_OscConfig
 .text.HAL_RCC_GetSysClockFreq
                0x000000000800998c       0x88 build/stm32g0xx_hal_rcc.o
                0x000000000800998c                HAL_RCC_GetSysClockFreq
 .text.HAL_RCC_ClockConfig
                0x0000000008009a14      0x15c build/stm32g0xx_hal_rcc.o
                0x0000000008009a14                HAL_RCC_ClockConfig
 .text.HAL_RCC_GetPCLK1Freq
                0x0000000008009b70       0x28 build/stm32g0xx_hal_rcc.o
                0x0000000008009b70                HAL_RCC_GetPCLK1Freq
 .text.HAL_RCCEx_PeriphCLKConfig
                0x0000000008009b98      0x20c build/stm32g0xx_hal_rcc_ex.o
                0x0000000008009b98                HAL_RCCEx_PeriphCLKConfig
 .text.LL_RCC_HSI_IsReady
                0x0000000008009da4       0x10 build/stm32g0xx_ll_rcc.o
 .text.LL_RCC_LSE_IsReady
                0x0000000008009db4       0x10 build/stm32g0xx_ll_rcc.o
 .text.RCC_GetHCLKClockFreq
                0x0000000008009dc4       0x20 build/stm32g0xx_ll_rcc.o
                0x0000000008009dc4                RCC_GetHCLKClockFreq
 .text.RCC_GetPCLK1ClockFreq
                0x0000000008009de4       0x20 build/stm32g0xx_ll_rcc.o
                0x0000000008009de4                RCC_GetPCLK1ClockFreq
 .text.RCC_PLL_GetFreqDomain_SYS
                0x0000000008009e04       0x40 build/stm32g0xx_ll_rcc.o
                0x0000000008009e04                RCC_PLL_GetFreqDomain_SYS
 .text.RCC_GetSystemClockFreq
                0x0000000008009e44       0x34 build/stm32g0xx_ll_rcc.o
                0x0000000008009e44                RCC_GetSystemClockFreq
 .text.LL_RCC_GetLPUARTClockFreq
                0x0000000008009e78       0x5c build/stm32g0xx_ll_rcc.o
                0x0000000008009e78                LL_RCC_GetLPUARTClockFreq
 .text.HAL_FLASH_Unlock
                0x0000000008009ed4       0x24 build/stm32g0xx_hal_flash.o
                0x0000000008009ed4                HAL_FLASH_Unlock
 .text.HAL_FLASH_Lock
                0x0000000008009ef8       0x18 build/stm32g0xx_hal_flash.o
                0x0000000008009ef8                HAL_FLASH_Lock
 .text.FLASH_WaitForLastOperation
                0x0000000008009f10       0x80 build/stm32g0xx_hal_flash.o
                0x0000000008009f10                FLASH_WaitForLastOperation
 .text.HAL_FLASH_Program
                0x0000000008009f90       0x68 build/stm32g0xx_hal_flash.o
                0x0000000008009f90                HAL_FLASH_Program
 .text.FLASH_PageErase
                0x0000000008009ff8       0x20 build/stm32g0xx_hal_flash_ex.o
                0x0000000008009ff8                FLASH_PageErase
 .text.HAL_FLASHEx_Erase
                0x000000000800a018       0x90 build/stm32g0xx_hal_flash_ex.o
                0x000000000800a018                HAL_FLASHEx_Erase
 .text.DMA_CalcDMAMUXChannelBaseAndMask
                0x000000000800a0a8       0x34 build/stm32g0xx_hal_dma.o
 .text.HAL_DMA_Init
                0x000000000800a0dc       0xb8 build/stm32g0xx_hal_dma.o
                0x000000000800a0dc                HAL_DMA_Init
 .text.HAL_DMA_Abort_IT
                0x000000000800a194       0x7c build/stm32g0xx_hal_dma.o
                0x000000000800a194                HAL_DMA_Abort_IT
 .text.HAL_DMA_IRQHandler
                0x000000000800a210       0xa8 build/stm32g0xx_hal_dma.o
                0x000000000800a210                HAL_DMA_IRQHandler
 .text.HAL_PWREx_ControlVoltageScaling
                0x000000000800a2b8       0x58 build/stm32g0xx_hal_pwr_ex.o
                0x000000000800a2b8                HAL_PWREx_ControlVoltageScaling
 .text.HAL_NVIC_SetPriority
                0x000000000800a310       0x54 build/stm32g0xx_hal_cortex.o
                0x000000000800a310                HAL_NVIC_SetPriority
 .text.HAL_NVIC_EnableIRQ
                0x000000000800a364       0x18 build/stm32g0xx_hal_cortex.o
                0x000000000800a364                HAL_NVIC_EnableIRQ
 .text.HAL_NVIC_SystemReset
                0x000000000800a37c       0x1c build/stm32g0xx_hal_cortex.o
                0x000000000800a37c                HAL_NVIC_SystemReset
 .text.HAL_SYSTICK_Config
                0x000000000800a398       0x34 build/stm32g0xx_hal_cortex.o
                0x000000000800a398                HAL_SYSTICK_Config
 .text.HAL_InitTick
                0x000000000800a3cc       0x50 build/stm32g0xx_hal.o
                0x000000000800a3cc                HAL_InitTick
 .text.HAL_Init
                0x000000000800a41c       0x28 build/stm32g0xx_hal.o
                0x000000000800a41c                HAL_Init
 .text.HAL_GetTick
                0x000000000800a444        0xc build/stm32g0xx_hal.o
                0x000000000800a444                HAL_GetTick
 .text.HAL_Delay
                0x000000000800a450       0x24 build/stm32g0xx_hal.o
                0x000000000800a450                HAL_Delay
 .text.LL_UCPD_Init
                0x000000000800a474       0x70 build/stm32g0xx_ll_ucpd.o
                0x000000000800a474                LL_UCPD_Init
 .text.LL_UCPD_StructInit
                0x000000000800a4e4       0x12 build/stm32g0xx_ll_ucpd.o
                0x000000000800a4e4                LL_UCPD_StructInit
 *fill*         0x000000000800a4f6        0x2 
 .text.LL_DMA_Init
                0x000000000800a4f8       0x68 build/stm32g0xx_ll_dma.o
                0x000000000800a4f8                LL_DMA_Init
 .text.SystemInit
                0x000000000800a560       0x10 build/system_stm32g0xx.o
                0x000000000800a560                SystemInit
 .text.GetHWBoardVersionName
                0x000000000800a570        0x8 build/usbpd.o
 .text.GetPDTypeName
                0x000000000800a578        0x8 build/usbpd.o
 .text.MX_USBPD_Init
                0x000000000800a580       0x44 build/usbpd.o
                0x000000000800a580                MX_USBPD_Init
 .text.USBPD_DPM_UserInit
                0x000000000800a5c4        0x4 build/usbpd_dpm_user.o
                0x000000000800a5c4                USBPD_DPM_UserInit
 .text.USBPD_DPM_SetNotification_GUI
                0x000000000800a5c8       0x1c build/usbpd_dpm_user.o
                0x000000000800a5c8                USBPD_DPM_SetNotification_GUI
 .text.USBPD_DPM_UserCableDetection
                0x000000000800a5e4       0x58 build/usbpd_dpm_user.o
                0x000000000800a5e4                USBPD_DPM_UserCableDetection
 .text.USBPD_DPM_UserTimerCounter
                0x000000000800a63c        0x2 build/usbpd_dpm_user.o
                0x000000000800a63c                USBPD_DPM_UserTimerCounter
 *fill*         0x000000000800a63e        0x2 
 .text.USBPD_DPM_HardReset
                0x000000000800a640       0x2c build/usbpd_dpm_user.o
                0x000000000800a640                USBPD_DPM_HardReset
 .text.USBPD_DPM_EvaluatePowerRoleSwap
                0x000000000800a66c        0x4 build/usbpd_dpm_user.o
                0x000000000800a66c                USBPD_DPM_EvaluatePowerRoleSwap
 .text.USBPD_DPM_Notification
                0x000000000800a670       0x14 build/usbpd_dpm_user.o
                0x000000000800a670                USBPD_DPM_Notification
 .text.USBPD_DPM_GetDataInfo
                0x000000000800a684       0x30 build/usbpd_dpm_user.o
                0x000000000800a684                USBPD_DPM_GetDataInfo
 .text.USBPD_DPM_SetDataInfo
                0x000000000800a6b4       0x4c build/usbpd_dpm_user.o
                0x000000000800a6b4                USBPD_DPM_SetDataInfo
 .text.USBPD_DPM_SNK_EvaluateCapabilities
                0x000000000800a700       0x10 build/usbpd_dpm_user.o
                0x000000000800a700                USBPD_DPM_SNK_EvaluateCapabilities
 .text.USBPD_DPM_ExtendedMessageReceived
                0x000000000800a710        0x2 build/usbpd_dpm_user.o
                0x000000000800a710                USBPD_DPM_ExtendedMessageReceived
 .text.USBPD_DPM_EvaluateDataRoleSwap
                0x000000000800a712        0x4 build/usbpd_dpm_user.o
                0x000000000800a712                USBPD_DPM_EvaluateDataRoleSwap
 .text.USBPD_DPM_IsPowerReady
                0x000000000800a716        0xe build/usbpd_dpm_user.o
                0x000000000800a716                USBPD_DPM_IsPowerReady
 .text.USBPD_DPM_RequestHardReset
                0x000000000800a724        0x8 build/usbpd_dpm_user.o
                0x000000000800a724                USBPD_DPM_RequestHardReset
 .text.USBPD_DPM_RequestCableReset
                0x000000000800a72c        0x4 build/usbpd_dpm_user.o
                0x000000000800a72c                USBPD_DPM_RequestCableReset
 .text.USBPD_DPM_RequestGotoMin
                0x000000000800a730        0xc build/usbpd_dpm_user.o
                0x000000000800a730                USBPD_DPM_RequestGotoMin
 .text.USBPD_DPM_RequestPing
                0x000000000800a73c        0xc build/usbpd_dpm_user.o
                0x000000000800a73c                USBPD_DPM_RequestPing
 .text.USBPD_DPM_RequestMessageRequest
                0x000000000800a748       0x2c build/usbpd_dpm_user.o
                0x000000000800a748                USBPD_DPM_RequestMessageRequest
 .text.USBPD_DPM_RequestGetSourceCapability
                0x000000000800a774        0xc build/usbpd_dpm_user.o
                0x000000000800a774                USBPD_DPM_RequestGetSourceCapability
 .text.USBPD_DPM_RequestGetSinkCapability
                0x000000000800a780        0xc build/usbpd_dpm_user.o
                0x000000000800a780                USBPD_DPM_RequestGetSinkCapability
 .text.USBPD_DPM_RequestDataRoleSwap
                0x000000000800a78c        0xc build/usbpd_dpm_user.o
                0x000000000800a78c                USBPD_DPM_RequestDataRoleSwap
 .text.USBPD_DPM_RequestPowerRoleSwap
                0x000000000800a798        0xc build/usbpd_dpm_user.o
                0x000000000800a798                USBPD_DPM_RequestPowerRoleSwap
 .text.USBPD_DPM_RequestVconnSwap
                0x000000000800a7a4        0xc build/usbpd_dpm_user.o
                0x000000000800a7a4                USBPD_DPM_RequestVconnSwap
 .text.USBPD_DPM_RequestSoftReset
                0x000000000800a7b0        0xc build/usbpd_dpm_user.o
                0x000000000800a7b0                USBPD_DPM_RequestSoftReset
 .text.USBPD_DPM_RequestSourceCapability
                0x000000000800a7bc        0xc build/usbpd_dpm_user.o
                0x000000000800a7bc                USBPD_DPM_RequestSourceCapability
 .text.USBPD_DPM_RequestAlert
                0x000000000800a7c8        0xe build/usbpd_dpm_user.o
                0x000000000800a7c8                USBPD_DPM_RequestAlert
 .text.USBPD_DPM_RequestGetSourceCapabilityExt
                0x000000000800a7d6        0xc build/usbpd_dpm_user.o
                0x000000000800a7d6                USBPD_DPM_RequestGetSourceCapabilityExt
 .text.USBPD_DPM_RequestGetSinkCapabilityExt
                0x000000000800a7e2        0xc build/usbpd_dpm_user.o
                0x000000000800a7e2                USBPD_DPM_RequestGetSinkCapabilityExt
 .text.USBPD_DPM_RequestGetManufacturerInfo
                0x000000000800a7ee       0x10 build/usbpd_dpm_user.o
                0x000000000800a7ee                USBPD_DPM_RequestGetManufacturerInfo
 .text.USBPD_DPM_RequestGetPPS_Status
                0x000000000800a7fe        0xc build/usbpd_dpm_user.o
                0x000000000800a7fe                USBPD_DPM_RequestGetPPS_Status
 .text.USBPD_DPM_RequestGetStatus
                0x000000000800a80a        0xc build/usbpd_dpm_user.o
                0x000000000800a80a                USBPD_DPM_RequestGetStatus
 .text.USBPD_DPM_RequestFastRoleSwap
                0x000000000800a816        0xc build/usbpd_dpm_user.o
                0x000000000800a816                USBPD_DPM_RequestFastRoleSwap
 .text.USBPD_DPM_RequestGetCountryCodes
                0x000000000800a822        0xc build/usbpd_dpm_user.o
                0x000000000800a822                USBPD_DPM_RequestGetCountryCodes
 .text.USBPD_DPM_RequestGetCountryInfo
                0x000000000800a82e       0x10 build/usbpd_dpm_user.o
                0x000000000800a82e                USBPD_DPM_RequestGetCountryInfo
 .text.USBPD_DPM_RequestGetBatteryCapability
                0x000000000800a83e       0x12 build/usbpd_dpm_user.o
                0x000000000800a83e                USBPD_DPM_RequestGetBatteryCapability
 .text.USBPD_DPM_RequestGetBatteryStatus
                0x000000000800a850       0x12 build/usbpd_dpm_user.o
                0x000000000800a850                USBPD_DPM_RequestGetBatteryStatus
 .text.USBPD_DPM_RequestSecurityRequest
                0x000000000800a862        0x4 build/usbpd_dpm_user.o
                0x000000000800a862                USBPD_DPM_RequestSecurityRequest
 *fill*         0x000000000800a866        0x2 
 .text.BSP_PWR_VBUSInit
                0x000000000800a868       0x1c build/usbpd_pwr_user.o
                0x000000000800a868                BSP_PWR_VBUSInit
 .text.BSP_PWR_VBUSGetVoltage
                0x000000000800a884       0x30 build/usbpd_pwr_user.o
                0x000000000800a884                BSP_PWR_VBUSGetVoltage
 .text.BSP_PWR_VBUSGetCurrent
                0x000000000800a8b4        0x4 build/usbpd_pwr_user.o
                0x000000000800a8b4                BSP_PWR_VBUSGetCurrent
 .text.USBPD_PWR_IF_SupplyReady
                0x000000000800a8b8        0x4 build/usbpd_pwr_if.o
                0x000000000800a8b8                USBPD_PWR_IF_SupplyReady
 .text.USBPD_PE_TaskWakeUp
                0x000000000800a8bc       0x1c build/usbpd_dpm_core.o
 .text.USBPD_DPM_CADTaskWakeUp
                0x000000000800a8d8       0x18 build/usbpd_dpm_core.o
 .text.USBPD_PE_Task
                0x000000000800a8f0       0x24 build/usbpd_dpm_core.o
                0x000000000800a8f0                USBPD_PE_Task
 .text.USBPD_CAD_Task
                0x000000000800a914       0x1c build/usbpd_dpm_core.o
                0x000000000800a914                USBPD_CAD_Task
 .text.USBPD_TRACE_TX_Task
                0x000000000800a930       0x1c build/usbpd_dpm_core.o
                0x000000000800a930                USBPD_TRACE_TX_Task
 .text.DPM_ManageAttachedState
                0x000000000800a94c       0x58 build/usbpd_dpm_core.o
 .text.USBPD_DPM_CADCallback
                0x000000000800a9a4       0x70 build/usbpd_dpm_core.o
                0x000000000800a9a4                USBPD_DPM_CADCallback
 .text.USBPD_DPM_InitCore
                0x000000000800aa14       0x7c build/usbpd_dpm_core.o
                0x000000000800aa14                USBPD_DPM_InitCore
 .text.USBPD_DPM_InitOS
                0x000000000800aa90       0x70 build/usbpd_dpm_core.o
                0x000000000800aa90                USBPD_DPM_InitOS
 .text.USBPD_DPM_TimerCounter
                0x000000000800ab00       0x24 build/usbpd_dpm_core.o
                0x000000000800ab00                USBPD_DPM_TimerCounter
 .text.USBPD_DPM_TraceWakeUp
                0x000000000800ab24       0x1c build/usbpd_dpm_core.o
                0x000000000800ab24                USBPD_DPM_TraceWakeUp
 .text.vListInitialise
                0x000000000800ab40       0x16 build/list.o
                0x000000000800ab40                vListInitialise
 .text.vListInitialiseItem
                0x000000000800ab56        0x6 build/list.o
                0x000000000800ab56                vListInitialiseItem
 .text.vListInsertEnd
                0x000000000800ab5c       0x18 build/list.o
                0x000000000800ab5c                vListInsertEnd
 .text.vListInsert
                0x000000000800ab74       0x2e build/list.o
                0x000000000800ab74                vListInsert
 .text.uxListRemove
                0x000000000800aba2       0x20 build/list.o
                0x000000000800aba2                uxListRemove
 .text.prvIsQueueEmpty
                0x000000000800abc2       0x14 build/queue.o
 .text.prvCopyDataToQueue
                0x000000000800abd6       0x76 build/queue.o
 .text.prvCopyDataFromQueue
                0x000000000800ac4c       0x24 build/queue.o
 .text.prvUnlockQueue
                0x000000000800ac70       0x6a build/queue.o
 .text.xQueueGenericReset
                0x000000000800acda       0x68 build/queue.o
                0x000000000800acda                xQueueGenericReset
 .text.xQueueGenericCreate
                0x000000000800ad42       0x36 build/queue.o
                0x000000000800ad42                xQueueGenericCreate
 .text.xQueueGenericSend
                0x000000000800ad78      0x120 build/queue.o
                0x000000000800ad78                xQueueGenericSend
 .text.xQueueGenericSendFromISR
                0x000000000800ae98       0x92 build/queue.o
                0x000000000800ae98                xQueueGenericSendFromISR
 .text.xQueueReceive
                0x000000000800af2a      0x10a build/queue.o
                0x000000000800af2a                xQueueReceive
 .text.xQueueReceiveFromISR
                0x000000000800b034       0x80 build/queue.o
                0x000000000800b034                xQueueReceiveFromISR
 .text.prvResetNextTaskUnblockTime
                0x000000000800b0b4       0x28 build/tasks.o
 .text.prvAddCurrentTaskToDelayedList
                0x000000000800b0dc       0x70 build/tasks.o
 .text.prvIdleTask
                0x000000000800b14c       0x58 build/tasks.o
 .text.xTaskCreate
                0x000000000800b1a4      0x1b4 build/tasks.o
                0x000000000800b1a4                xTaskCreate
 .text.vTaskDelete
                0x000000000800b358       0xa0 build/tasks.o
                0x000000000800b358                vTaskDelete
 .text.vTaskStartScheduler
                0x000000000800b3f8       0x54 build/tasks.o
                0x000000000800b3f8                vTaskStartScheduler
 .text.vTaskSuspendAll
                0x000000000800b44c       0x10 build/tasks.o
                0x000000000800b44c                vTaskSuspendAll
 .text.xTaskIncrementTick
                0x000000000800b45c      0x100 build/tasks.o
                0x000000000800b45c                xTaskIncrementTick
 .text.xTaskResumeAll
                0x000000000800b55c       0xd0 build/tasks.o
                0x000000000800b55c                xTaskResumeAll
 .text.vTaskDelay
                0x000000000800b62c       0x34 build/tasks.o
                0x000000000800b62c                vTaskDelay
 .text.vTaskSwitchContext
                0x000000000800b660       0x6c build/tasks.o
                0x000000000800b660                vTaskSwitchContext
 .text.vTaskPlaceOnEventList
                0x000000000800b6cc       0x24 build/tasks.o
                0x000000000800b6cc                vTaskPlaceOnEventList
 .text.xTaskRemoveFromEventList
                0x000000000800b6f0       0x78 build/tasks.o
                0x000000000800b6f0                xTaskRemoveFromEventList
 .text.vTaskInternalSetTimeOutState
                0x000000000800b768       0x18 build/tasks.o
                0x000000000800b768                vTaskInternalSetTimeOutState
 .text.xTaskCheckForTimeOut
                0x000000000800b780       0x64 build/tasks.o
                0x000000000800b780                xTaskCheckForTimeOut
 .text.vTaskMissedYield
                0x000000000800b7e4        0xc build/tasks.o
                0x000000000800b7e4                vTaskMissedYield
 .text.xTaskGetSchedulerState
                0x000000000800b7f0       0x20 build/tasks.o
                0x000000000800b7f0                xTaskGetSchedulerState
 .text.xTaskPriorityDisinherit
                0x000000000800b810       0x6c build/tasks.o
                0x000000000800b810                xTaskPriorityDisinherit
 .text.osKernelStart
                0x000000000800b87c        0xa build/cmsis_os.o
                0x000000000800b87c                osKernelStart
 .text.osThreadCreate
                0x000000000800b886       0x34 build/cmsis_os.o
                0x000000000800b886                osThreadCreate
 .text.osThreadTerminate
                0x000000000800b8ba        0xa build/cmsis_os.o
                0x000000000800b8ba                osThreadTerminate
 .text.osDelay  0x000000000800b8c4       0x10 build/cmsis_os.o
                0x000000000800b8c4                osDelay
 .text.osMessageCreate
                0x000000000800b8d4        0xc build/cmsis_os.o
                0x000000000800b8d4                osMessageCreate
 .text.osMessagePut
                0x000000000800b8e0       0x50 build/cmsis_os.o
                0x000000000800b8e0                osMessagePut
 .text.osMessageGet
                0x000000000800b930       0x70 build/cmsis_os.o
                0x000000000800b930                osMessageGet
 .text.prvInsertBlockIntoFreeList
                0x000000000800b9a0       0x48 build/heap_4.o
 .text.pvPortMalloc
                0x000000000800b9e8       0xf8 build/heap_4.o
                0x000000000800b9e8                pvPortMalloc
 .text.vPortFree
                0x000000000800bae0       0x48 build/heap_4.o
                0x000000000800bae0                vPortFree
 .text.prvTaskExitError
                0x000000000800bb28       0x24 build/port.o
 *fill*         0x000000000800bb4c        0x4 
 .text.vPortStartFirstTask
                0x000000000800bb50       0x34 build/port.o
 .text.pxPortInitialiseStack
                0x000000000800bb84       0x20 build/port.o
                0x000000000800bb84                pxPortInitialiseStack
 .text.SVC_Handler
                0x000000000800bba4        0x2 build/port.o
                0x000000000800bba4                SVC_Handler
 *fill*         0x000000000800bba6        0x2 
 .text.xPortStartScheduler
                0x000000000800bba8       0x64 build/port.o
                0x000000000800bba8                xPortStartScheduler
 .text.vPortYield
                0x000000000800bc0c       0x18 build/port.o
                0x000000000800bc0c                vPortYield
 .text.vPortEnterCritical
                0x000000000800bc24       0x18 build/port.o
                0x000000000800bc24                vPortEnterCritical
 .text.vPortExitCritical
                0x000000000800bc3c       0x1c build/port.o
                0x000000000800bc3c                vPortExitCritical
 .text.ulSetInterruptMaskFromISR
                0x000000000800bc58        0x8 build/port.o
                0x000000000800bc58                ulSetInterruptMaskFromISR
 .text.vClearInterruptMaskFromISR
                0x000000000800bc60        0x6 build/port.o
                0x000000000800bc60                vClearInterruptMaskFromISR
 *fill*         0x000000000800bc66        0xa 
 .text.PendSV_Handler
                0x000000000800bc70       0x44 build/port.o
                0x000000000800bc70                PendSV_Handler
 .text.USBPD_TRACE_Add
                0x000000000800bcb4      0x124 build/usbpd_trace.o
                0x000000000800bcb4                USBPD_TRACE_Add
 .text.USBPD_TRACE_Init
                0x000000000800bdd8       0x14 build/usbpd_trace.o
                0x000000000800bdd8                USBPD_TRACE_Init
 .text.USBPD_TRACE_TX_Process
                0x000000000800bdec        0x8 build/usbpd_trace.o
                0x000000000800bdec                USBPD_TRACE_TX_Process
 .text.CAD_Check_HW
                0x000000000800bdf4       0xd0 build/usbpd_cad_hw_if.o
 .text.CAD_Init
                0x000000000800bec4       0x88 build/usbpd_cad_hw_if.o
                0x000000000800bec4                CAD_Init
 .text.CAD_Enter_ErrorRecovery
                0x000000000800bf4c       0x2c build/usbpd_cad_hw_if.o
                0x000000000800bf4c                CAD_Enter_ErrorRecovery
 .text.CAD_Set_ResistorRp
                0x000000000800bf78        0x4 build/usbpd_cad_hw_if.o
                0x000000000800bf78                CAD_Set_ResistorRp
 .text.CAD_StateMachine
                0x000000000800bf7c      0x358 build/usbpd_cad_hw_if.o
                0x000000000800bf7c                CAD_StateMachine
 .text.USBPD_HW_GetUSPDInstance
                0x000000000800c2d4        0x8 build/usbpd_hw.o
                0x000000000800c2d4                USBPD_HW_GetUSPDInstance
 .text.USBPD_HW_Init_DMARxInstance
                0x000000000800c2dc       0x58 build/usbpd_hw.o
                0x000000000800c2dc                USBPD_HW_Init_DMARxInstance
 .text.USBPD_HW_DeInit_DMARxInstance
                0x000000000800c334        0x2 build/usbpd_hw.o
                0x000000000800c334                USBPD_HW_DeInit_DMARxInstance
 *fill*         0x000000000800c336        0x2 
 .text.USBPD_HW_Init_DMATxInstance
                0x000000000800c338       0x58 build/usbpd_hw.o
                0x000000000800c338                USBPD_HW_Init_DMATxInstance
 .text.USBPD_HW_DeInit_DMATxInstance
                0x000000000800c390        0x2 build/usbpd_hw.o
                0x000000000800c390                USBPD_HW_DeInit_DMATxInstance
 .text.USBPD_HW_SetFRSSignalling
                0x000000000800c392        0x2 build/usbpd_hw.o
                0x000000000800c392                USBPD_HW_SetFRSSignalling
 .text.PORTx_IRQHandler
                0x000000000800c394      0x140 build/usbpd_hw_if_it.o
                0x000000000800c394                PORTx_IRQHandler
 .text.USBPD_PORT0_IRQHandler
                0x000000000800c4d4        0xa build/usbpd_hw_if_it.o
                0x000000000800c4d4                USBPD_PORT0_IRQHandler
 *fill*         0x000000000800c4de        0x2 
 .text.PHY_ResetCompleted
                0x000000000800c4e0       0x18 build/usbpd_phy.o
                0x000000000800c4e0                PHY_ResetCompleted
 .text.PHY_BistCompleted
                0x000000000800c4f8       0x18 build/usbpd_phy.o
                0x000000000800c4f8                PHY_BistCompleted
 .text.PHY_TxCompleted
                0x000000000800c510       0x18 build/usbpd_phy.o
                0x000000000800c510                PHY_TxCompleted
 .text.PHY_Rx_Reset
                0x000000000800c528        0x4 build/usbpd_phy.o
                0x000000000800c528                PHY_Rx_Reset
 .text.PHY_Rx_HardReset
                0x000000000800c52c       0x18 build/usbpd_phy.o
                0x000000000800c52c                PHY_Rx_HardReset
 .text.PHY_Rx_Completed
                0x000000000800c544       0x5c build/usbpd_phy.o
                0x000000000800c544                PHY_Rx_Completed
 .text.USBPD_PHY_Init
                0x000000000800c5a0       0x54 build/usbpd_phy.o
                0x000000000800c5a0                USBPD_PHY_Init
 .text.USBPD_PHY_GetRetryTimerValue
                0x000000000800c5f4        0x8 build/usbpd_phy.o
                0x000000000800c5f4                USBPD_PHY_GetRetryTimerValue
 .text.USBPD_PHY_Reset
                0x000000000800c5fc        0x2 build/usbpd_phy.o
                0x000000000800c5fc                USBPD_PHY_Reset
 .text.USBPD_PHY_ResetRequest
                0x000000000800c5fe        0xc build/usbpd_phy.o
                0x000000000800c5fe                USBPD_PHY_ResetRequest
 .text.USBPD_PHY_SendMessage
                0x000000000800c60a        0x8 build/usbpd_phy.o
                0x000000000800c60a                USBPD_PHY_SendMessage
 .text.USBPD_PHY_Send_BIST_Pattern
                0x000000000800c612        0xa build/usbpd_phy.o
                0x000000000800c612                USBPD_PHY_Send_BIST_Pattern
 .text.USBPD_PHY_ExitTransmit
                0x000000000800c61c        0xe build/usbpd_phy.o
                0x000000000800c61c                USBPD_PHY_ExitTransmit
 .text.USBPD_PHY_SetResistor_SinkTxNG
                0x000000000800c62a        0x8 build/usbpd_phy.o
                0x000000000800c62a                USBPD_PHY_SetResistor_SinkTxNG
 .text.USBPD_PHY_SetResistor_SinkTxOK
                0x000000000800c632        0x8 build/usbpd_phy.o
                0x000000000800c632                USBPD_PHY_SetResistor_SinkTxOK
 *fill*         0x000000000800c63a        0x2 
 .text.USBPD_PHY_SOPSupported
                0x000000000800c63c       0x10 build/usbpd_phy.o
                0x000000000800c63c                USBPD_PHY_SOPSupported
 .text.USBPD_PHY_IsResistor_SinkTxOk
                0x000000000800c64c        0x8 build/usbpd_phy.o
                0x000000000800c64c                USBPD_PHY_IsResistor_SinkTxOk
 .text.USBPD_PHY_FastRoleSwapSignalling
                0x000000000800c654        0x8 build/usbpd_phy.o
                0x000000000800c654                USBPD_PHY_FastRoleSwapSignalling
 .text.USBPD_PHY_EnableRX
                0x000000000800c65c        0x8 build/usbpd_phy.o
                0x000000000800c65c                USBPD_PHY_EnableRX
 .text.USBPD_PHY_DisableRX
                0x000000000800c664        0x8 build/usbpd_phy.o
                0x000000000800c664                USBPD_PHY_DisableRX
 .text.LL_APB2_GRP1_EnableClock.constprop.0
                0x000000000800c66c       0x1c build/usbpd_phy_hw_if.o
 .text.USBPD_HW_IF_GlobalHwInit
                0x000000000800c688       0x30 build/usbpd_phy_hw_if.o
                0x000000000800c688                USBPD_HW_IF_GlobalHwInit
 .text.USBPD_HW_IF_StopBISTMode2
                0x000000000800c6b8       0x28 build/usbpd_phy_hw_if.o
                0x000000000800c6b8                USBPD_HW_IF_StopBISTMode2
 .text.USBPD_HW_IF_SendBuffer
                0x000000000800c6e0       0xac build/usbpd_phy_hw_if.o
                0x000000000800c6e0                USBPD_HW_IF_SendBuffer
 .text.USBPD_HW_IF_Send_BIST_Pattern
                0x000000000800c78c       0x24 build/usbpd_phy_hw_if.o
                0x000000000800c78c                USBPD_HW_IF_Send_BIST_Pattern
 .text.USBPDM1_AssertRp
                0x000000000800c7b0       0xa0 build/usbpd_phy_hw_if.o
                0x000000000800c7b0                USBPDM1_AssertRp
 .text.USBPDM1_DeAssertRp
                0x000000000800c850        0x2 build/usbpd_phy_hw_if.o
                0x000000000800c850                USBPDM1_DeAssertRp
 *fill*         0x000000000800c852        0x2 
 .text.USBPDM1_AssertRd
                0x000000000800c854       0x8c build/usbpd_phy_hw_if.o
                0x000000000800c854                USBPDM1_AssertRd
 .text.USBPDM1_EnterErrorRecovery
                0x000000000800c8e0       0x50 build/usbpd_phy_hw_if.o
                0x000000000800c8e0                USBPDM1_EnterErrorRecovery
 .text.USBPDM1_DeAssertRd
                0x000000000800c930        0x2 build/usbpd_phy_hw_if.o
                0x000000000800c930                USBPDM1_DeAssertRd
 *fill*         0x000000000800c932        0x2 
 .text.USBPD_HW_IF_EnableRX
                0x000000000800c934       0x14 build/usbpd_phy_hw_if.o
                0x000000000800c934                USBPD_HW_IF_EnableRX
 .text.USBPD_HW_IF_DisableRX
                0x000000000800c948       0x14 build/usbpd_phy_hw_if.o
                0x000000000800c948                USBPD_HW_IF_DisableRX
 .text.HW_SignalAttachement
                0x000000000800c95c       0xf4 build/usbpd_phy_hw_if.o
                0x000000000800c95c                HW_SignalAttachement
 .text.HW_SignalDetachment
                0x000000000800ca50       0x5c build/usbpd_phy_hw_if.o
                0x000000000800ca50                HW_SignalDetachment
 .text.USBPD_HW_IF_SetResistor_SinkTxNG
                0x000000000800caac       0x20 build/usbpd_phy_hw_if.o
                0x000000000800caac                USBPD_HW_IF_SetResistor_SinkTxNG
 .text.USBPD_HW_IF_SetResistor_SinkTxOK
                0x000000000800cacc       0x18 build/usbpd_phy_hw_if.o
                0x000000000800cacc                USBPD_HW_IF_SetResistor_SinkTxOK
 .text.USBPD_HW_IF_IsResistor_SinkTxOk
                0x000000000800cae4       0x34 build/usbpd_phy_hw_if.o
                0x000000000800cae4                USBPD_HW_IF_IsResistor_SinkTxOk
 .text.USBPD_HW_IF_FastRoleSwapSignalling
                0x000000000800cb18       0x18 build/usbpd_phy_hw_if.o
                0x000000000800cb18                USBPD_HW_IF_FastRoleSwapSignalling
 .text.HW_IF_PWR_GetVoltage
                0x000000000800cb30        0x8 build/usbpd_pwr_hw_if.o
                0x000000000800cb30                HW_IF_PWR_GetVoltage
 .text.HW_IF_PWR_GetCurrent
                0x000000000800cb38        0x8 build/usbpd_pwr_hw_if.o
                0x000000000800cb38                HW_IF_PWR_GetCurrent
 .text.USBPD_TIM_Init
                0x000000000800cb40       0xd8 build/usbpd_timersserver.o
                0x000000000800cb40                USBPD_TIM_Init
 .text.USBPD_TIM_Start
                0x000000000800cc18       0x5c build/usbpd_timersserver.o
                0x000000000800cc18                USBPD_TIM_Start
 .text.USBPD_TIM_IsExpired
                0x000000000800cc74       0x2c build/usbpd_timersserver.o
                0x000000000800cc74                USBPD_TIM_IsExpired
 .text.UART_EndRxTransfer
                0x000000000800cca0       0x28 build/stm32g0xx_hal_uart.o
 .text.HAL_UART_TxCpltCallback
                0x000000000800ccc8        0x2 build/stm32g0xx_hal_uart.o
                0x000000000800ccc8                HAL_UART_TxCpltCallback
 .text.HAL_UART_ErrorCallback
                0x000000000800ccca        0x2 build/stm32g0xx_hal_uart.o
                0x000000000800ccca                HAL_UART_ErrorCallback
 .text.HAL_UART_IRQHandler
                0x000000000800cccc      0x1a0 build/stm32g0xx_hal_uart.o
                0x000000000800cccc                HAL_UART_IRQHandler
 .text.UART_DMAAbortOnError
                0x000000000800ce6c       0x16 build/stm32g0xx_hal_uart.o
 *fill*         0x000000000800ce82        0x2 
 .text.UART_SetConfig
                0x000000000800ce84      0x764 build/stm32g0xx_hal_uart.o
                0x000000000800ce84                UART_SetConfig
 .text.UART_AdvFeatureConfig
                0x000000000800d5e8       0xd0 build/stm32g0xx_hal_uart.o
                0x000000000800d5e8                UART_AdvFeatureConfig
 .text.UART_WaitOnFlagUntilTimeout
                0x000000000800d6b8       0x64 build/stm32g0xx_hal_uart.o
                0x000000000800d6b8                UART_WaitOnFlagUntilTimeout
 .text.UART_CheckIdleState
                0x000000000800d71c       0x68 build/stm32g0xx_hal_uart.o
                0x000000000800d71c                UART_CheckIdleState
 .text.HAL_UART_Init
                0x000000000800d784       0x68 build/stm32g0xx_hal_uart.o
                0x000000000800d784                HAL_UART_Init
 .text.UARTEx_SetNbDataToProcess
                0x000000000800d7ec       0x68 build/stm32g0xx_hal_uart_ex.o
 .text.HAL_UARTEx_WakeupCallback
                0x000000000800d854        0x2 build/stm32g0xx_hal_uart_ex.o
                0x000000000800d854                HAL_UARTEx_WakeupCallback
 .text.HAL_UARTEx_RxFifoFullCallback
                0x000000000800d856        0x2 build/stm32g0xx_hal_uart_ex.o
                0x000000000800d856                HAL_UARTEx_RxFifoFullCallback
 .text.HAL_UARTEx_TxFifoEmptyCallback
                0x000000000800d858        0x2 build/stm32g0xx_hal_uart_ex.o
                0x000000000800d858                HAL_UARTEx_TxFifoEmptyCallback
 *fill*         0x000000000800d85a        0x2 
 .text.HAL_UARTEx_DisableFifoMode
                0x000000000800d85c       0x38 build/stm32g0xx_hal_uart_ex.o
                0x000000000800d85c                HAL_UARTEx_DisableFifoMode
 .text.HAL_UARTEx_SetTxFifoThreshold
                0x000000000800d894       0x44 build/stm32g0xx_hal_uart_ex.o
                0x000000000800d894                HAL_UARTEx_SetTxFifoThreshold
 .text.HAL_UARTEx_SetRxFifoThreshold
                0x000000000800d8d8       0x48 build/stm32g0xx_hal_uart_ex.o
                0x000000000800d8d8                HAL_UARTEx_SetRxFifoThreshold
 .text.LL_LPUART_Init
                0x000000000800d920       0xac build/stm32g0xx_ll_lpuart.o
                0x000000000800d920                LL_LPUART_Init
 .text.TLV_init_encode
                0x000000000800d9cc       0x48 build/data_struct_tlv.o
                0x000000000800d9cc                TLV_init_encode
 .text.TLV_add  0x000000000800da14       0xa4 build/data_struct_tlv.o
                0x000000000800da14                TLV_add
 .text.TLV_addValue
                0x000000000800dab8       0x7c build/data_struct_tlv.o
                0x000000000800dab8                TLV_addValue
 .text.TLV_deinit_encode
                0x000000000800db34        0xc build/data_struct_tlv.o
                0x000000000800db34                TLV_deinit_encode
 .text.TLV_init_decode
                0x000000000800db40       0x28 build/data_struct_tlv.o
                0x000000000800db40                TLV_init_decode
 .text.TLV_get  0x000000000800db68       0x46 build/data_struct_tlv.o
                0x000000000800db68                TLV_get
 .text.TLV_deinit_decode
                0x000000000800dbae        0x8 build/data_struct_tlv.o
                0x000000000800dbae                TLV_deinit_decode
 .text.TLV_get_string_length
                0x000000000800dbb6       0x1e build/data_struct_tlv.o
                0x000000000800dbb6                TLV_get_string_length
 .text.SaveSettingsInFlash
                0x000000000800dbd4       0x3a build/bsp_gui.o
 *fill*         0x000000000800dc0e        0x2 
 .text.BSP_GUI_LoadDataFromFlash
                0x000000000800dc10       0xc0 build/bsp_gui.o
                0x000000000800dc10                BSP_GUI_LoadDataFromFlash
 .text.BSP_GUI_SaveDataInFlash
                0x000000000800dcd0       0xe4 build/bsp_gui.o
                0x000000000800dcd0                BSP_GUI_SaveDataInFlash
 .text.GUI_SaveInfo
                0x000000000800ddb4       0xb0 build/gui_api.o
                0x000000000800ddb4                GUI_SaveInfo
 .text.GUI_PostNotificationMessage
                0x000000000800de64       0x58 build/gui_api.o
                0x000000000800de64                GUI_PostNotificationMessage
 .text.Send_DpmConfigSetCnf.constprop.0
                0x000000000800debc      0x3d4 build/gui_api.o
 .text.Send_DpmRegisterReadCnf.isra.0.constprop.0
                0x000000000800e290       0x28 build/gui_api.o
 .text.Send_DpmConfigGetRej.isra.0.constprop.0
                0x000000000800e2b8       0x2c build/gui_api.o
 .text.GUI_Init
                0x000000000800e2e4       0x8c build/gui_api.o
                0x000000000800e2e4                GUI_Init
 .text.GUI_Start
                0x000000000800e370       0x10 build/gui_api.o
                0x000000000800e370                GUI_Start
 .text.GUI_TimerCounter
                0x000000000800e380       0x24 build/gui_api.o
                0x000000000800e380                GUI_TimerCounter
 .text.GUI_GetMessage
                0x000000000800e3a4      0x124 build/gui_api.o
                0x000000000800e3a4                GUI_GetMessage
 .text.GUI_CALLBACK_RX
                0x000000000800e4c8       0x20 build/gui_api.o
 .text.GUI_SendNotification
                0x000000000800e4e8      0x430 build/gui_api.o
                0x000000000800e4e8                GUI_SendNotification
 .text.GUI_FormatAndSendNotification
                0x000000000800e918       0x26 build/gui_api.o
                0x000000000800e918                GUI_FormatAndSendNotification
 *fill*         0x000000000800e93e        0x2 
 .text.GUI_SendAnswer
                0x000000000800e940      0x97c build/gui_api.o
                0x000000000800e940                GUI_SendAnswer
 .text.GUI_RXProcess
                0x000000000800f2bc       0x58 build/gui_api.o
                0x000000000800f2bc                GUI_RXProcess
 .text.TaskGUI  0x000000000800f314       0xa8 build/gui_api.o
 .text.TRACER_EMB_WakeUpProcess
                0x000000000800f3bc        0x8 build/gui_api.o
                0x000000000800f3bc                TRACER_EMB_WakeUpProcess
 .text.TRACER_EMB_IRQHandlerDMA
                0x000000000800f3c4        0x8 build/tracer_emb.o
                0x000000000800f3c4                TRACER_EMB_IRQHandlerDMA
 .text.TRACER_EMB_IRQHandlerUSART
                0x000000000800f3cc        0x8 build/tracer_emb.o
                0x000000000800f3cc                TRACER_EMB_IRQHandlerUSART
 .text.TRACER_EMB_WriteData
                0x000000000800f3d4       0x10 build/tracer_emb.o
                0x000000000800f3d4                TRACER_EMB_WriteData
 .text.TRACER_EMB_StartRX
                0x000000000800f3e4        0xc build/tracer_emb.o
                0x000000000800f3e4                TRACER_EMB_StartRX
 .text.TRACER_EMB_Lock
                0x000000000800f3f0       0x18 build/tracer_emb.o
                0x000000000800f3f0                TRACER_EMB_Lock
 .text.TRACER_EMB_UnLock
                0x000000000800f408       0x18 build/tracer_emb.o
                0x000000000800f408                TRACER_EMB_UnLock
 .text.TRACER_EMB_AllocateBufer
                0x000000000800f420       0x4c build/tracer_emb.o
                0x000000000800f420                TRACER_EMB_AllocateBufer
 .text.TRACER_EMB_LowPowerInit
                0x000000000800f46c        0x2 build/tracer_emb.o
                0x000000000800f46c                TRACER_EMB_LowPowerInit
 *fill*         0x000000000800f46e        0x2 
 .text.TRACER_EMB_Init
                0x000000000800f470       0x20 build/tracer_emb.o
                0x000000000800f470                TRACER_EMB_Init
 .text.TRACER_EMB_LowPowerSendData
                0x000000000800f490        0x2 build/tracer_emb.o
                0x000000000800f490                TRACER_EMB_LowPowerSendData
 *fill*         0x000000000800f492        0x2 
 .text.TRACER_EMB_TX_Process
                0x000000000800f494       0x6c build/tracer_emb.o
                0x000000000800f494                TRACER_EMB_TX_Process
 .text.TRACER_EMB_LowPowerSendDataComplete
                0x000000000800f500        0x2 build/tracer_emb.o
                0x000000000800f500                TRACER_EMB_LowPowerSendDataComplete
 *fill*         0x000000000800f502        0x2 
 .text.TRACER_EMB_CALLBACK_TX
                0x000000000800f504       0x30 build/tracer_emb.o
                0x000000000800f504                TRACER_EMB_CALLBACK_TX
 .text.TRACER_EMB_Add
                0x000000000800f534       0x40 build/tracer_emb.o
                0x000000000800f534                TRACER_EMB_Add
 .text.LL_APB1_GRP1_EnableClock.constprop.0
                0x000000000800f574       0x20 build/tracer_emb_hw.o
 .text.HW_TRACER_EMB_Init
                0x000000000800f594      0x174 build/tracer_emb_hw.o
                0x000000000800f594                HW_TRACER_EMB_Init
 .text.HW_TRACER_EMB_RegisterRxCallback
                0x000000000800f708       0x10 build/tracer_emb_hw.o
                0x000000000800f708                HW_TRACER_EMB_RegisterRxCallback
 .text.HW_TRACER_EMB_StartRX
                0x000000000800f718       0x44 build/tracer_emb_hw.o
                0x000000000800f718                HW_TRACER_EMB_StartRX
 .text.HW_TRACER_EMB_IRQHandlerDMA
                0x000000000800f75c       0x24 build/tracer_emb_hw.o
                0x000000000800f75c                HW_TRACER_EMB_IRQHandlerDMA
 .text.HW_TRACER_EMB_IRQHandlerUSART
                0x000000000800f780       0xd8 build/tracer_emb_hw.o
                0x000000000800f780                HW_TRACER_EMB_IRQHandlerUSART
 .text.HW_TRACER_EMB_SendData
                0x000000000800f858       0x50 build/tracer_emb_hw.o
                0x000000000800f858                HW_TRACER_EMB_SendData
 .text.Reset_Handler
                0x000000000800f8a8       0x50 build/startup_stm32g071xx.o
                0x000000000800f8a8                Reset_Handler
 .text.Default_Handler
                0x000000000800f8f8        0x2 build/startup_stm32g071xx.o
                0x000000000800f8f8                TIM1_CC_IRQHandler
                0x000000000800f8f8                ADC1_COMP_IRQHandler
                0x000000000800f8f8                PVD_IRQHandler
                0x000000000800f8f8                I2C1_IRQHandler
                0x000000000800f8f8                TIM7_LPTIM2_IRQHandler
                0x000000000800f8f8                RTC_TAMP_IRQHandler
                0x000000000800f8f8                SPI1_IRQHandler
                0x000000000800f8f8                EXTI2_3_IRQHandler
                0x000000000800f8f8                I2C2_IRQHandler
                0x000000000800f8f8                TIM17_IRQHandler
                0x000000000800f8f8                TIM16_IRQHandler
                0x000000000800f8f8                TIM3_IRQHandler
                0x000000000800f8f8                EXTI4_15_IRQHandler
                0x000000000800f8f8                RCC_IRQHandler
                0x000000000800f8f8                Default_Handler
                0x000000000800f8f8                CEC_IRQHandler
                0x000000000800f8f8                TIM14_IRQHandler
                0x000000000800f8f8                TIM15_IRQHandler
                0x000000000800f8f8                EXTI0_1_IRQHandler
                0x000000000800f8f8                SPI2_IRQHandler
                0x000000000800f8f8                TIM6_DAC_LPTIM1_IRQHandler
                0x000000000800f8f8                WWDG_IRQHandler
                0x000000000800f8f8                TIM2_IRQHandler
                0x000000000800f8f8                USART2_IRQHandler
                0x000000000800f8f8                FLASH_IRQHandler
                0x000000000800f8f8                USART1_IRQHandler
                0x000000000800f8f8                TIM1_BRK_UP_TRG_COM_IRQHandler
 *(.glue_7)
 .glue_7        0x000000000800f8fa        0x0 linker stubs
 *(.glue_7t)
 .glue_7t       0x000000000800f8fa        0x0 linker stubs
 *(.eh_frame)
 *fill*         0x000000000800f8fa        0x2 
 .eh_frame      0x000000000800f8fc        0x0 /usr/lib/gcc/arm-none-eabi/9.2.1/thumb/v6-m/nofp/crtbegin.o
 *(.init)
 .init          0x000000000800f8fc        0x4 /usr/lib/gcc/arm-none-eabi/9.2.1/thumb/v6-m/nofp/crti.o
                0x000000000800f8fc                _init
 .init          0x000000000800f900        0x8 /usr/lib/gcc/arm-none-eabi/9.2.1/thumb/v6-m/nofp/crtn.o
 *(.fini)
 .fini          0x000000000800f908        0x4 /usr/lib/gcc/arm-none-eabi/9.2.1/thumb/v6-m/nofp/crti.o
                0x000000000800f908                _fini
 .fini          0x000000000800f90c        0x8 /usr/lib/gcc/arm-none-eabi/9.2.1/thumb/v6-m/nofp/crtn.o
                0x000000000800f914                . = ALIGN (0x4)
                0x000000000800f914                _etext = .

.vfp11_veneer   0x000000000800f914        0x0
 .vfp11_veneer  0x000000000800f914        0x0 linker stubs

.v4_bx          0x000000000800f914        0x0
 .v4_bx         0x000000000800f914        0x0 linker stubs

.iplt           0x000000000800f914        0x0
 .iplt          0x000000000800f914        0x0 /usr/lib/gcc/arm-none-eabi/9.2.1/thumb/v6-m/nofp/crtbegin.o

.RamFunc        0x000000000800f914       0x38
 .RamFunc       0x000000000800f914       0x38 build/stm32g0xx_hal_flash.o

.rodata         0x000000000800f94c      0x2f8
                0x000000000800f94c                . = ALIGN (0x4)
 *(.rodata)
 .rodata        0x000000000800f94c       0x14 build/main.o
 .rodata        0x000000000800f960        0x8 build/stm32g0xx_hal_uart_ex.o
 .rodata        0x000000000800f968       0x1c build/gui_api.o
 .rodata        0x000000000800f984       0x10 Middlewares/ST/STM32_USBPD_Library/Core/lib/USBPDCORE_PD3_FULL_CM0PLUS_wc32.a(usbpd_pe.o)
 .rodata        0x000000000800f994        0x2 Middlewares/ST/STM32_USBPD_Library/Core/lib/USBPDCORE_PD3_FULL_CM0PLUS_wc32.a(usbpd_prl.o)
 *(.rodata*)
 .rodata.str1.1
                0x000000000800f996        0xc build/main.o
 .rodata.CHANNEL_OFFSET_TAB
                0x000000000800f9a2        0x7 build/stm32g0xx_ll_dma.o
 *fill*         0x000000000800f9a9        0x3 
 .rodata.AHBPrescTable
                0x000000000800f9ac       0x40 build/system_stm32g0xx.o
                0x000000000800f9ac                AHBPrescTable
 .rodata.APBPrescTable
                0x000000000800f9ec       0x20 build/system_stm32g0xx.o
                0x000000000800f9ec                APBPrescTable
 .rodata.HWBoardVersionName
                0x000000000800fa0c        0xb build/usbpd.o
                0x000000000800fa0c                HWBoardVersionName
 .rodata.PDTypeName
                0x000000000800fa17        0x5 build/usbpd.o
                0x000000000800fa17                PDTypeName
 .rodata.USBPD_DPM_UserCableDetection.str1.1
                0x000000000800fa1c       0x2a build/usbpd_dpm_user.o
 .rodata.USBPD_DPM_HardReset.str1.1
                0x000000000800fa46       0x21 build/usbpd_dpm_user.o
 .rodata.USBPD_DPM_GetDataInfo.str1.1
                0x000000000800fa67       0x26 build/usbpd_dpm_user.o
 .rodata.USBPD_DPM_SetDataInfo.str1.1
                0x000000000800fa8d       0x26 build/usbpd_dpm_user.o
 .rodata.USBPD_DPM_RequestMessageRequest.str1.1
                0x000000000800fab3       0x2d build/usbpd_dpm_user.o
 .rodata.BSP_PWR_VBUSInit.str1.1
                0x000000000800fae0       0x1e build/usbpd_pwr_user.o
 .rodata.str1.1
                0x000000000800fafe       0x15 build/usbpd_dpm_core.o
 *fill*         0x000000000800fb13        0x1 
 .rodata.CAD_cbs.11307
                0x000000000800fb14        0x8 build/usbpd_dpm_core.o
 .rodata.dpmCallbacks.11306
                0x000000000800fb1c       0x40 build/usbpd_dpm_core.o
 .rodata.os_messageQ_def_queueCAD
                0x000000000800fb5c        0x8 build/usbpd_dpm_core.o
                0x000000000800fb5c                os_messageQ_def_queueCAD
 .rodata.os_messageQ_def_queuePE
                0x000000000800fb64        0x8 build/usbpd_dpm_core.o
                0x000000000800fb64                os_messageQ_def_queuePE
 .rodata.os_messageQ_def_queueTRACE
                0x000000000800fb6c        0x8 build/usbpd_dpm_core.o
                0x000000000800fb6c                os_messageQ_def_queueTRACE
 .rodata.os_thread_def_CAD
                0x000000000800fb74       0x14 build/usbpd_dpm_core.o
                0x000000000800fb74                os_thread_def_CAD
 .rodata.os_thread_def_PE_0
                0x000000000800fb88       0x14 build/usbpd_dpm_core.o
                0x000000000800fb88                os_thread_def_PE_0
 .rodata.os_thread_def_PE_1
                0x000000000800fb9c       0x14 build/usbpd_dpm_core.o
                0x000000000800fb9c                os_thread_def_PE_1
 .rodata.os_thread_def_TRA_TX
                0x000000000800fbb0       0x14 build/usbpd_dpm_core.o
                0x000000000800fbb0                os_thread_def_TRA_TX
 .rodata.vTaskStartScheduler.str1.1
                0x000000000800fbc4        0x5 build/tasks.o
 .rodata.CSWTCH.256
                0x000000000800fbc9        0x3 build/stm32g0xx_hal_uart.o
 .rodata.CSWTCH.257
                0x000000000800fbcc        0xd build/stm32g0xx_hal_uart.o
 .rodata.UARTEx_SetNbDataToProcess.str1.1
                0x000000000800fbd9        0x9 build/stm32g0xx_hal_uart_ex.o
 .rodata.LPUART_PRESCALER_TAB
                0x000000000800fbe2       0x18 build/stm32g0xx_ll_lpuart.o
 .rodata.str1.1
                0x000000000800fbfa        0x4 build/gui_api.o
 .rodata.GUI_SendAnswer.str1.1
                0x000000000800fbfe        0x8 build/gui_api.o
 *fill*         0x000000000800fc06        0x2 
 .rodata.str1.4
                0x000000000800fc08       0x13 /usr/lib/gcc/arm-none-eabi/9.2.1/../../../arm-none-eabi/lib/thumb/v6-m/nofp/libc_nano.a(lib_a-nano-svfprintf.o)
 *fill*         0x000000000800fc1b        0x1 
 .rodata.str1.4
                0x000000000800fc1c       0x25 /usr/lib/gcc/arm-none-eabi/9.2.1/../../../arm-none-eabi/lib/thumb/v6-m/nofp/libc_nano.a(lib_a-nano-vfprintf_i.o)
                0x000000000800fc44                . = ALIGN (0x4)
 *fill*         0x000000000800fc41        0x3 

.ARM.extab
 *(.ARM.extab* .gnu.linkonce.armextab.*)

.ARM            0x000000000800fc44        0x8
                0x000000000800fc44                __exidx_start = .
 *(.ARM.exidx*)
 .ARM.exidx     0x000000000800fc44        0x8 /usr/lib/gcc/arm-none-eabi/9.2.1/thumb/v6-m/nofp/libgcc.a(_udivmoddi4.o)
                0x000000000800fc4c                __exidx_end = .

.rel.dyn        0x000000000800fc4c        0x0
 .rel.iplt      0x000000000800fc4c        0x0 /usr/lib/gcc/arm-none-eabi/9.2.1/thumb/v6-m/nofp/crtbegin.o

.preinit_array  0x000000000800fc4c        0x0
                0x000000000800fc4c                PROVIDE (__preinit_array_start = .)
 *(.preinit_array*)
                0x000000000800fc4c                PROVIDE (__preinit_array_end = .)

.init_array     0x000000000800fc4c        0x4
                0x000000000800fc4c                PROVIDE (__init_array_start = .)
 *(SORT_BY_NAME(.init_array.*))
 *(.init_array*)
 .init_array    0x000000000800fc4c        0x4 /usr/lib/gcc/arm-none-eabi/9.2.1/thumb/v6-m/nofp/crtbegin.o
                0x000000000800fc50                PROVIDE (__init_array_end = .)

.fini_array     0x000000000800fc50        0x4
                0x000000000800fc50                PROVIDE (__fini_array_start = .)
 *(SORT_BY_NAME(.fini_array.*))
 *(.fini_array*)
 .fini_array    0x000000000800fc50        0x4 /usr/lib/gcc/arm-none-eabi/9.2.1/thumb/v6-m/nofp/crtbegin.o
                0x000000000800fc54                PROVIDE (__fini_array_end = .)
                0x000000000800fc54                _sidata = LOADADDR (.data)

.data           0x0000000020000000      0x110 load address 0x000000000800fc54
                0x0000000020000000                . = ALIGN (0x4)
                0x0000000020000000                _sdata = .
 *(.data)
 .data          0x0000000020000000       0x64 /usr/lib/gcc/arm-none-eabi/9.2.1/../../../arm-none-eabi/lib/thumb/v6-m/nofp/libc_nano.a(lib_a-impure.o)
                0x0000000020000000                _impure_ptr
 *(.data*)
 .data.uwTickFreq
                0x0000000020000064        0x4 build/stm32g0xx_hal.o
                0x0000000020000064                uwTickFreq
 .data.uwTickPrio
                0x0000000020000068        0x4 build/stm32g0xx_hal.o
                0x0000000020000068                uwTickPrio
 .data.SystemCoreClock
                0x000000002000006c        0x4 build/system_stm32g0xx.o
                0x000000002000006c                SystemCoreClock
 .data.PORT0_PDO_ListSNK
                0x0000000020000070       0x1c build/usbpd_pwr_if.o
                0x0000000020000070                PORT0_PDO_ListSNK
 .data.DPM_Settings
                0x000000002000008c        0xc build/usbpd_dpm_core.o
                0x000000002000008c                DPM_Settings
 .data.uxCriticalNesting
                0x0000000020000098        0x4 build/port.o
 .data.DPM_USER_Settings
                0x000000002000009c       0x70 build/gui_api.o
                0x000000002000009c                DPM_USER_Settings
 .data.GUI_NbPDO
                0x000000002000010c        0x4 build/gui_api.o
                0x000000002000010c                GUI_NbPDO
                0x0000000020000110                . = ALIGN (0x4)
                0x0000000020000110                _edata = .

.tm_clone_table
                0x0000000020000110        0x0 load address 0x000000000800fd64
 .tm_clone_table
                0x0000000020000110        0x0 /usr/lib/gcc/arm-none-eabi/9.2.1/thumb/v6-m/nofp/crtbegin.o
 .tm_clone_table
                0x0000000020000110        0x0 /usr/lib/gcc/arm-none-eabi/9.2.1/thumb/v6-m/nofp/crtend.o

.igot.plt       0x0000000020000110        0x0 load address 0x000000000800fd64
 .igot.plt      0x0000000020000110        0x0 /usr/lib/gcc/arm-none-eabi/9.2.1/thumb/v6-m/nofp/crtbegin.o
                0x0000000020000110                . = ALIGN (0x4)

.bss            0x0000000020000110     0x1e04 load address 0x000000000800fd64
                0x0000000020000110                _sbss = .
                0x0000000020000110                __bss_start__ = _sbss
 *(.bss)
 .bss           0x0000000020000110       0x1c /usr/lib/gcc/arm-none-eabi/9.2.1/thumb/v6-m/nofp/crtbegin.o
 .bss           0x000000002000012c        0x8 /usr/lib/gcc/arm-none-eabi/9.2.1/../../../arm-none-eabi/lib/thumb/v6-m/nofp/libc_nano.a(lib_a-nano-mallocr.o)
                0x000000002000012c                __malloc_free_list
                0x0000000020000130                __malloc_sbrk_start
 .bss           0x0000000020000134        0x4 /usr/lib/gcc/arm-none-eabi/9.2.1/../../../arm-none-eabi/lib/thumb/v6-m/nofp/libnosys.a(sbrk.o)
 .bss           0x0000000020000138        0xc Middlewares/ST/STM32_USBPD_Library/Core/lib/USBPDCORE_PD3_FULL_CM0PLUS_wc32.a(usbpd_cad.o)
 .bss           0x0000000020000144       0x14 Middlewares/ST/STM32_USBPD_Library/Core/lib/USBPDCORE_PD3_FULL_CM0PLUS_wc32.a(usbpd_pe.o)
                0x0000000020000150                USBPD_Trace
                0x0000000020000154                Crc
 .bss           0x0000000020000158        0xc Middlewares/ST/STM32_USBPD_Library/Core/lib/USBPDCORE_PD3_FULL_CM0PLUS_wc32.a(usbpd_prl.o)
 *(.bss*)
 .bss.pFlash    0x0000000020000164       0x18 build/stm32g0xx_hal_flash.o
                0x0000000020000164                pFlash
 .bss.DPM_GUI_FormatAndSendNotification
                0x000000002000017c        0x4 build/usbpd_dpm_user.o
                0x000000002000017c                DPM_GUI_FormatAndSendNotification
 .bss.DPM_GUI_PostNotificationMessage
                0x0000000020000180        0x4 build/usbpd_dpm_user.o
                0x0000000020000180                DPM_GUI_PostNotificationMessage
 .bss.DPM_GUI_SaveInfo
                0x0000000020000184        0x4 build/usbpd_dpm_user.o
                0x0000000020000184                DPM_GUI_SaveInfo
 .bss.CADQueueId
                0x0000000020000188        0x4 build/usbpd_dpm_core.o
 .bss.DPM_Thread_Table
                0x000000002000018c        0x8 build/usbpd_dpm_core.o
 .bss.PEQueueId
                0x0000000020000194        0x4 build/usbpd_dpm_core.o
 .bss.TraceQueueId
                0x0000000020000198        0x4 build/usbpd_dpm_core.o
 .bss.pxCurrentTCB
                0x000000002000019c        0x4 build/tasks.o
                0x000000002000019c                pxCurrentTCB
 .bss.pxDelayedTaskList
                0x00000000200001a0        0x4 build/tasks.o
 .bss.pxOverflowDelayedTaskList
                0x00000000200001a4        0x4 build/tasks.o
 .bss.pxReadyTasksLists
                0x00000000200001a8       0x8c build/tasks.o
 .bss.uxCurrentNumberOfTasks
                0x0000000020000234        0x4 build/tasks.o
 .bss.uxDeletedTasksWaitingCleanUp
                0x0000000020000238        0x4 build/tasks.o
 .bss.uxPendedTicks
                0x000000002000023c        0x4 build/tasks.o
 .bss.uxSchedulerSuspended
                0x0000000020000240        0x4 build/tasks.o
 .bss.uxTaskNumber
                0x0000000020000244        0x4 build/tasks.o
 .bss.uxTopReadyPriority
                0x0000000020000248        0x4 build/tasks.o
 .bss.xDelayedTaskList1
                0x000000002000024c       0x14 build/tasks.o
 .bss.xDelayedTaskList2
                0x0000000020000260       0x14 build/tasks.o
 .bss.xIdleTaskHandle
                0x0000000020000274        0x4 build/tasks.o
 .bss.xNextTaskUnblockTime
                0x0000000020000278        0x4 build/tasks.o
 .bss.xNumOfOverflows
                0x000000002000027c        0x4 build/tasks.o
 .bss.xPendingReadyList
                0x0000000020000280       0x14 build/tasks.o
 .bss.xSchedulerRunning
                0x0000000020000294        0x4 build/tasks.o
 .bss.xSuspendedTaskList
                0x0000000020000298       0x14 build/tasks.o
 .bss.xTasksWaitingTermination
                0x00000000200002ac       0x14 build/tasks.o
 .bss.xTickCount
                0x00000000200002c0        0x4 build/tasks.o
 .bss.xYieldPending
                0x00000000200002c4        0x4 build/tasks.o
 .bss.pxEnd     0x00000000200002c8        0x4 build/heap_4.o
 .bss.ucHeap    0x00000000200002cc     0x1388 build/heap_4.o
 .bss.xBlockAllocatedBit
                0x0000000020001654        0x4 build/heap_4.o
 .bss.xFreeBytesRemaining
                0x0000000020001658        0x4 build/heap_4.o
 .bss.xMinimumEverFreeBytesRemaining
                0x000000002000165c        0x4 build/heap_4.o
 .bss.xStart    0x0000000020001660        0x8 build/heap_4.o
 .bss.CAD_HW_Handles
                0x0000000020001668        0xc build/usbpd_cad_hw_if.o
 .bss.ovrflag.10087
                0x0000000020001674        0x1 build/usbpd_hw_if_it.o
 *fill*         0x0000000020001675        0x3 
 .bss.PHY_Ports
                0x0000000020001678        0x8 build/usbpd_phy.o
 .bss.GUI_State
                0x0000000020001680        0x1 build/gui_api.o
                0x0000000020001680                GUI_State
 .bss.Rstate.13476
                0x0000000020001681        0x1 build/gui_api.o
 .bss.counter.13467
                0x0000000020001682        0x2 build/gui_api.o
 .bss.currentSize.13469
                0x0000000020001684        0x2 build/gui_api.o
 .bss.cursor.13468
                0x0000000020001686        0x2 build/gui_api.o
 .bss.pCB_GetCurrent
                0x0000000020001688        0x4 build/gui_api.o
                0x0000000020001688                pCB_GetCurrent
 .bss.pCB_GetVoltage
                0x000000002000168c        0x4 build/gui_api.o
                0x000000002000168c                pCB_GetVoltage
 .bss.pCB_HWBoardVersion
                0x0000000020001690        0x4 build/gui_api.o
                0x0000000020001690                pCB_HWBoardVersion
 .bss.pCB_HWPDType
                0x0000000020001694        0x4 build/gui_api.o
                0x0000000020001694                pCB_HWPDType
 .bss.Counter   0x0000000020001698        0x4 build/tracer_emb.o
 .bss.PtrDataTx
                0x000000002000169c      0x400 build/tracer_emb.o
 .bss.PtrTx_Read
                0x0000000020001a9c        0x4 build/tracer_emb.o
 .bss.PtrTx_Write
                0x0000000020001aa0        0x4 build/tracer_emb.o
 .bss.SizeSent  0x0000000020001aa4        0x4 build/tracer_emb.o
 .bss.fptr_rx   0x0000000020001aa8        0x4 build/tracer_emb_hw.o
 *(COMMON)
 COMMON         0x0000000020001aac      0x1b4 build/main.o
                0x0000000020001aac                defaultTaskHandle
                0x0000000020001ab0                hlpuart1
                0x0000000020001b3c                hadc1
                0x0000000020001ba0                adc
                0x0000000020001ba4                hdma_adc1
                0x0000000020001c00                hdma_lpuart1_tx
                0x0000000020001c5c                vin
 COMMON         0x0000000020001c60        0x4 build/stm32g0xx_hal.o
                0x0000000020001c60                uwTick
 COMMON         0x0000000020001c64        0x4 build/usbpd_dpm_core.o
                0x0000000020001c64                DPM_Params
 COMMON         0x0000000020001c68       0x40 build/usbpd_phy_hw_if.o
                0x0000000020001c68                Ports
 COMMON         0x0000000020001ca8      0x268 build/gui_api.o
                0x0000000020001ca8                Processed
                0x0000000020001da8                GUI_TimerMeasReport
                0x0000000020001daa                GUI_USER_Params
                0x0000000020001db0                GUIMsgBox
                0x0000000020001db4                PtrDataRx
                0x0000000020001eb4                GUI_OriginalSettings
                0x0000000020001eb8                GUI_SaveInformation
 COMMON         0x0000000020001f10        0x4 /usr/lib/gcc/arm-none-eabi/9.2.1/../../../arm-none-eabi/lib/thumb/v6-m/nofp/libc_nano.a(lib_a-reent.o)
                0x0000000020001f10                errno
                0x0000000020001f14                . = ALIGN (0x4)
                0x0000000020001f14                _ebss = .
                0x0000000020001f14                __bss_end__ = _ebss

._user_heap_stack
                0x0000000020001f14      0x604 load address 0x000000000800fd64
                0x0000000020001f18                . = ALIGN (0x8)
 *fill*         0x0000000020001f14        0x4 
                0x0000000020001f18                PROVIDE (end = .)
                [!provide]                        PROVIDE (_end = .)
                0x0000000020002118                . = (. + _Min_Heap_Size)
 *fill*         0x0000000020001f18      0x200 
                0x0000000020002518                . = (. + _Min_Stack_Size)
 *fill*         0x0000000020002118      0x400 
                0x0000000020002518                . = ALIGN (0x8)

/DISCARD/
 libc.a(*)
 libm.a(*)
 libgcc.a(*)

.ARM.attributes
                0x0000000000000000       0x2e
 *(.ARM.attributes)
 .ARM.attributes
                0x0000000000000000       0x1e /usr/lib/gcc/arm-none-eabi/9.2.1/thumb/v6-m/nofp/crti.o
 .ARM.attributes
                0x000000000000001e       0x2c /usr/lib/gcc/arm-none-eabi/9.2.1/thumb/v6-m/nofp/crtbegin.o
 .ARM.attributes
                0x000000000000004a       0x2c build/main.o
 .ARM.attributes
                0x0000000000000076       0x2c build/stm32g0xx_it.o
 .ARM.attributes
                0x00000000000000a2       0x2c build/stm32g0xx_hal_msp.o
 .ARM.attributes
                0x00000000000000ce       0x2c build/stm32g0xx_hal_gpio.o
 .ARM.attributes
                0x00000000000000fa       0x2c build/stm32g0xx_hal_adc.o
 .ARM.attributes
                0x0000000000000126       0x2c build/stm32g0xx_hal_adc_ex.o
 .ARM.attributes
                0x0000000000000152       0x2c build/stm32g0xx_hal_rcc.o
 .ARM.attributes
                0x000000000000017e       0x2c build/stm32g0xx_hal_rcc_ex.o
 .ARM.attributes
                0x00000000000001aa       0x2c build/stm32g0xx_ll_rcc.o
 .ARM.attributes
                0x00000000000001d6       0x2c build/stm32g0xx_hal_flash.o
 .ARM.attributes
                0x0000000000000202       0x2c build/stm32g0xx_hal_flash_ex.o
 .ARM.attributes
                0x000000000000022e       0x2c build/stm32g0xx_hal_dma.o
 .ARM.attributes
                0x000000000000025a       0x2c build/stm32g0xx_hal_pwr_ex.o
 .ARM.attributes
                0x0000000000000286       0x2c build/stm32g0xx_hal_cortex.o
 .ARM.attributes
                0x00000000000002b2       0x2c build/stm32g0xx_hal.o
 .ARM.attributes
                0x00000000000002de       0x2c build/stm32g0xx_ll_ucpd.o
 .ARM.attributes
                0x000000000000030a       0x2c build/stm32g0xx_ll_dma.o
 .ARM.attributes
                0x0000000000000336       0x2c build/system_stm32g0xx.o
 .ARM.attributes
                0x0000000000000362       0x2c build/usbpd.o
 .ARM.attributes
                0x000000000000038e       0x2c build/usbpd_dpm_user.o
 .ARM.attributes
                0x00000000000003ba       0x2c build/usbpd_pwr_user.o
 .ARM.attributes
                0x00000000000003e6       0x2c build/usbpd_pwr_if.o
 .ARM.attributes
                0x0000000000000412       0x2c build/usbpd_dpm_core.o
 .ARM.attributes
                0x000000000000043e       0x2c build/list.o
 .ARM.attributes
                0x000000000000046a       0x2c build/queue.o
 .ARM.attributes
                0x0000000000000496       0x2c build/tasks.o
 .ARM.attributes
                0x00000000000004c2       0x2c build/cmsis_os.o
 .ARM.attributes
                0x00000000000004ee       0x2c build/heap_4.o
 .ARM.attributes
                0x000000000000051a       0x2c build/port.o
 .ARM.attributes
                0x0000000000000546       0x2c build/usbpd_trace.o
 .ARM.attributes
                0x0000000000000572       0x2c build/usbpd_cad_hw_if.o
 .ARM.attributes
                0x000000000000059e       0x2c build/usbpd_hw.o
 .ARM.attributes
                0x00000000000005ca       0x2c build/usbpd_hw_if_it.o
 .ARM.attributes
                0x00000000000005f6       0x2c build/usbpd_phy.o
 .ARM.attributes
                0x0000000000000622       0x2c build/usbpd_phy_hw_if.o
 .ARM.attributes
                0x000000000000064e       0x2c build/usbpd_pwr_hw_if.o
 .ARM.attributes
                0x000000000000067a       0x2c build/usbpd_timersserver.o
 .ARM.attributes
                0x00000000000006a6       0x2c build/stm32g0xx_hal_uart.o
 .ARM.attributes
                0x00000000000006d2       0x2c build/stm32g0xx_hal_uart_ex.o
 .ARM.attributes
                0x00000000000006fe       0x2c build/stm32g0xx_ll_lpuart.o
 .ARM.attributes
                0x000000000000072a       0x2c build/data_struct_tlv.o
 .ARM.attributes
                0x0000000000000756       0x2c build/bsp_gui.o
 .ARM.attributes
                0x0000000000000782       0x2c build/gui_api.o
 .ARM.attributes
                0x00000000000007ae       0x2c build/tracer_emb.o
 .ARM.attributes
                0x00000000000007da       0x2c build/tracer_emb_hw.o
 .ARM.attributes
                0x0000000000000806       0x21 build/startup_stm32g071xx.o
 .ARM.attributes
                0x0000000000000827       0x2c /usr/lib/gcc/arm-none-eabi/9.2.1/../../../arm-none-eabi/lib/thumb/v6-m/nofp/libc_nano.a(lib_a-impure.o)
 .ARM.attributes
                0x0000000000000853       0x2c /usr/lib/gcc/arm-none-eabi/9.2.1/../../../arm-none-eabi/lib/thumb/v6-m/nofp/libc_nano.a(lib_a-init.o)
 .ARM.attributes
                0x000000000000087f       0x2c /usr/lib/gcc/arm-none-eabi/9.2.1/../../../arm-none-eabi/lib/thumb/v6-m/nofp/libc_nano.a(lib_a-memcpy-stub.o)
 .ARM.attributes
                0x00000000000008ab       0x2c /usr/lib/gcc/arm-none-eabi/9.2.1/../../../arm-none-eabi/lib/thumb/v6-m/nofp/libc_nano.a(lib_a-memset.o)
 .ARM.attributes
                0x00000000000008d7       0x2c /usr/lib/gcc/arm-none-eabi/9.2.1/../../../arm-none-eabi/lib/thumb/v6-m/nofp/libc_nano.a(lib_a-snprintf.o)
 .ARM.attributes
                0x0000000000000903       0x2c /usr/lib/gcc/arm-none-eabi/9.2.1/../../../arm-none-eabi/lib/thumb/v6-m/nofp/libc_nano.a(lib_a-strcpy.o)
 .ARM.attributes
                0x000000000000092f       0x2c /usr/lib/gcc/arm-none-eabi/9.2.1/../../../arm-none-eabi/lib/thumb/v6-m/nofp/libc_nano.a(lib_a-strlen-stub.o)
 .ARM.attributes
                0x000000000000095b       0x2c /usr/lib/gcc/arm-none-eabi/9.2.1/../../../arm-none-eabi/lib/thumb/v6-m/nofp/libc_nano.a(lib_a-nano-svfprintf.o)
 .ARM.attributes
                0x0000000000000987       0x2c /usr/lib/gcc/arm-none-eabi/9.2.1/../../../arm-none-eabi/lib/thumb/v6-m/nofp/libc_nano.a(lib_a-nano-vfprintf_i.o)
 .ARM.attributes
                0x00000000000009b3       0x2c /usr/lib/gcc/arm-none-eabi/9.2.1/../../../arm-none-eabi/lib/thumb/v6-m/nofp/libc_nano.a(lib_a-memchr-stub.o)
 .ARM.attributes
                0x00000000000009df       0x2c /usr/lib/gcc/arm-none-eabi/9.2.1/../../../arm-none-eabi/lib/thumb/v6-m/nofp/libc_nano.a(lib_a-memmove.o)
 .ARM.attributes
                0x0000000000000a0b       0x2c /usr/lib/gcc/arm-none-eabi/9.2.1/../../../arm-none-eabi/lib/thumb/v6-m/nofp/libc_nano.a(lib_a-nano-freer.o)
 .ARM.attributes
                0x0000000000000a37       0x2c /usr/lib/gcc/arm-none-eabi/9.2.1/../../../arm-none-eabi/lib/thumb/v6-m/nofp/libc_nano.a(lib_a-nano-mallocr.o)
 .ARM.attributes
                0x0000000000000a63       0x2c /usr/lib/gcc/arm-none-eabi/9.2.1/../../../arm-none-eabi/lib/thumb/v6-m/nofp/libc_nano.a(lib_a-nano-reallocr.o)
 .ARM.attributes
                0x0000000000000a8f       0x2c /usr/lib/gcc/arm-none-eabi/9.2.1/../../../arm-none-eabi/lib/thumb/v6-m/nofp/libc_nano.a(lib_a-sbrkr.o)
 .ARM.attributes
                0x0000000000000abb       0x2c /usr/lib/gcc/arm-none-eabi/9.2.1/../../../arm-none-eabi/lib/thumb/v6-m/nofp/libc_nano.a(lib_a-mlock.o)
 .ARM.attributes
                0x0000000000000ae7       0x2c /usr/lib/gcc/arm-none-eabi/9.2.1/../../../arm-none-eabi/lib/thumb/v6-m/nofp/libc_nano.a(lib_a-nano-msizer.o)
 .ARM.attributes
                0x0000000000000b13       0x2c /usr/lib/gcc/arm-none-eabi/9.2.1/../../../arm-none-eabi/lib/thumb/v6-m/nofp/libc_nano.a(lib_a-reent.o)
 .ARM.attributes
                0x0000000000000b3f       0x2c /usr/lib/gcc/arm-none-eabi/9.2.1/../../../arm-none-eabi/lib/thumb/v6-m/nofp/libnosys.a(sbrk.o)
 .ARM.attributes
                0x0000000000000b6b       0x53 Middlewares/ST/STM32_USBPD_Library/Core/lib/USBPDCORE_PD3_FULL_CM0PLUS_wc32.a(usbpd_cad.o)
 .ARM.attributes
                0x0000000000000bbe       0x53 Middlewares/ST/STM32_USBPD_Library/Core/lib/USBPDCORE_PD3_FULL_CM0PLUS_wc32.a(usbpd_pe.o)
 .ARM.attributes
                0x0000000000000c11       0x53 Middlewares/ST/STM32_USBPD_Library/Core/lib/USBPDCORE_PD3_FULL_CM0PLUS_wc32.a(usbpd_prl.o)
 .ARM.attributes
                0x0000000000000c64       0x1e /usr/lib/gcc/arm-none-eabi/9.2.1/thumb/v6-m/nofp/libgcc.a(_thumb1_case_uqi.o)
 .ARM.attributes
                0x0000000000000c82       0x1e /usr/lib/gcc/arm-none-eabi/9.2.1/thumb/v6-m/nofp/libgcc.a(_thumb1_case_shi.o)
 .ARM.attributes
                0x0000000000000ca0       0x1e /usr/lib/gcc/arm-none-eabi/9.2.1/thumb/v6-m/nofp/libgcc.a(_thumb1_case_uhi.o)
 .ARM.attributes
                0x0000000000000cbe       0x1e /usr/lib/gcc/arm-none-eabi/9.2.1/thumb/v6-m/nofp/libgcc.a(_udivsi3.o)
 .ARM.attributes
                0x0000000000000cdc       0x1e /usr/lib/gcc/arm-none-eabi/9.2.1/thumb/v6-m/nofp/libgcc.a(_divsi3.o)
 .ARM.attributes
                0x0000000000000cfa       0x1e /usr/lib/gcc/arm-none-eabi/9.2.1/thumb/v6-m/nofp/libgcc.a(_dvmd_tls.o)
 .ARM.attributes
                0x0000000000000d18       0x1e /usr/lib/gcc/arm-none-eabi/9.2.1/thumb/v6-m/nofp/libgcc.a(_aeabi_uldivmod.o)
 .ARM.attributes
                0x0000000000000d36       0x2c /usr/lib/gcc/arm-none-eabi/9.2.1/thumb/v6-m/nofp/libgcc.a(_udivmoddi4.o)
 .ARM.attributes
                0x0000000000000d62       0x1e /usr/lib/gcc/arm-none-eabi/9.2.1/thumb/v6-m/nofp/libgcc.a(_clzdi2.o)
 .ARM.attributes
                0x0000000000000d80       0x1e /usr/lib/gcc/arm-none-eabi/9.2.1/thumb/v6-m/nofp/libgcc.a(_clzsi2.o)
 .ARM.attributes
                0x0000000000000d9e       0x2c /usr/lib/gcc/arm-none-eabi/9.2.1/../../../arm-none-eabi/lib/thumb/v6-m/nofp/libc_nano.a(lib_a-aeabi_memclr.o)
 .ARM.attributes